Archive member included to satisfy reference by file (symbol)

/home/daniel/Ac6/SystemWorkbench/plugins/fr.ac6.mcu.externaltools.arm-none.linux64_1.13.1.201703061524/tools/compiler/bin/../lib/gcc/arm-none-eabi/5.4.1/../../../../arm-none-eabi/lib/armv7e-m/fpu/libc_nano.a(lib_a-exit.o)
                              /home/daniel/Ac6/SystemWorkbench/plugins/fr.ac6.mcu.externaltools.arm-none.linux64_1.13.1.201703061524/tools/compiler/bin/../lib/gcc/arm-none-eabi/5.4.1/../../../../arm-none-eabi/lib/armv7e-m/fpu/crt0.o (exit)
/home/daniel/Ac6/SystemWorkbench/plugins/fr.ac6.mcu.externaltools.arm-none.linux64_1.13.1.201703061524/tools/compiler/bin/../lib/gcc/arm-none-eabi/5.4.1/../../../../arm-none-eabi/lib/armv7e-m/fpu/libc_nano.a(lib_a-impure.o)
                              /home/daniel/Ac6/SystemWorkbench/plugins/fr.ac6.mcu.externaltools.arm-none.linux64_1.13.1.201703061524/tools/compiler/bin/../lib/gcc/arm-none-eabi/5.4.1/../../../../arm-none-eabi/lib/armv7e-m/fpu/libc_nano.a(lib_a-exit.o) (_global_impure_ptr)
/home/daniel/Ac6/SystemWorkbench/plugins/fr.ac6.mcu.externaltools.arm-none.linux64_1.13.1.201703061524/tools/compiler/bin/../lib/gcc/arm-none-eabi/5.4.1/../../../../arm-none-eabi/lib/armv7e-m/fpu/libc_nano.a(lib_a-init.o)
                              /home/daniel/Ac6/SystemWorkbench/plugins/fr.ac6.mcu.externaltools.arm-none.linux64_1.13.1.201703061524/tools/compiler/bin/../lib/gcc/arm-none-eabi/5.4.1/../../../../arm-none-eabi/lib/armv7e-m/fpu/crt0.o (__libc_init_array)
/home/daniel/Ac6/SystemWorkbench/plugins/fr.ac6.mcu.externaltools.arm-none.linux64_1.13.1.201703061524/tools/compiler/bin/../lib/gcc/arm-none-eabi/5.4.1/../../../../arm-none-eabi/lib/armv7e-m/fpu/libc_nano.a(lib_a-memset.o)
                              /home/daniel/Ac6/SystemWorkbench/plugins/fr.ac6.mcu.externaltools.arm-none.linux64_1.13.1.201703061524/tools/compiler/bin/../lib/gcc/arm-none-eabi/5.4.1/../../../../arm-none-eabi/lib/armv7e-m/fpu/crt0.o (memset)
/home/daniel/Ac6/SystemWorkbench/plugins/fr.ac6.mcu.externaltools.arm-none.linux64_1.13.1.201703061524/tools/compiler/bin/../lib/gcc/arm-none-eabi/5.4.1/../../../../arm-none-eabi/lib/armv7e-m/fpu/libnosys.a(_exit.o)
                              /home/daniel/Ac6/SystemWorkbench/plugins/fr.ac6.mcu.externaltools.arm-none.linux64_1.13.1.201703061524/tools/compiler/bin/../lib/gcc/arm-none-eabi/5.4.1/../../../../arm-none-eabi/lib/armv7e-m/fpu/libc_nano.a(lib_a-exit.o) (_exit)

Allocating common symbols
Common symbol       size              file

scenario            0x1               Src/main.o
hspi2               0x64              Src/main.o
new_data            0x1               Src/main.o
nrf24_client_tx_cbk
                    0x4               Src/nrf24_app.o
nrf24_client_rx_cbk
                    0x4               Src/nrf24_app.o
uwTick              0x4               Drivers/STM32F3xx_HAL_Driver/Src/stm32f3xx_hal.o
pFlash              0x20              Drivers/STM32F3xx_HAL_Driver/Src/stm32f3xx_hal_flash.o
wait_data           0x1               Src/main.o
ntf24_scenario      0x1               Src/nrf24_app.o
role                0x1               Src/main.o
nrf24_role          0x1               Src/nrf24_app.o

Discarded input sections

 .text          0x00000000        0x0 /home/daniel/Ac6/SystemWorkbench/plugins/fr.ac6.mcu.externaltools.arm-none.linux64_1.13.1.201703061524/tools/compiler/bin/../lib/gcc/arm-none-eabi/5.4.1/armv7e-m/fpu/crti.o
 .data          0x00000000        0x0 /home/daniel/Ac6/SystemWorkbench/plugins/fr.ac6.mcu.externaltools.arm-none.linux64_1.13.1.201703061524/tools/compiler/bin/../lib/gcc/arm-none-eabi/5.4.1/armv7e-m/fpu/crti.o
 .bss           0x00000000        0x0 /home/daniel/Ac6/SystemWorkbench/plugins/fr.ac6.mcu.externaltools.arm-none.linux64_1.13.1.201703061524/tools/compiler/bin/../lib/gcc/arm-none-eabi/5.4.1/armv7e-m/fpu/crti.o
 .data          0x00000000        0x4 /home/daniel/Ac6/SystemWorkbench/plugins/fr.ac6.mcu.externaltools.arm-none.linux64_1.13.1.201703061524/tools/compiler/bin/../lib/gcc/arm-none-eabi/5.4.1/armv7e-m/fpu/crtbegin.o
 .text          0x00000000       0x74 /home/daniel/Ac6/SystemWorkbench/plugins/fr.ac6.mcu.externaltools.arm-none.linux64_1.13.1.201703061524/tools/compiler/bin/../lib/gcc/arm-none-eabi/5.4.1/../../../../arm-none-eabi/lib/armv7e-m/fpu/crt0.o
 .data          0x00000000        0x0 /home/daniel/Ac6/SystemWorkbench/plugins/fr.ac6.mcu.externaltools.arm-none.linux64_1.13.1.201703061524/tools/compiler/bin/../lib/gcc/arm-none-eabi/5.4.1/../../../../arm-none-eabi/lib/armv7e-m/fpu/crt0.o
 .bss           0x00000000        0x0 /home/daniel/Ac6/SystemWorkbench/plugins/fr.ac6.mcu.externaltools.arm-none.linux64_1.13.1.201703061524/tools/compiler/bin/../lib/gcc/arm-none-eabi/5.4.1/../../../../arm-none-eabi/lib/armv7e-m/fpu/crt0.o
[...]
Memory Configuration

Name             Origin             Length             Attributes
RAM              0x20000000         0x0000a000         xrw
CCMRAM           0x10000000         0x00002000         rw
FLASH            0x08000000         0x00040000         xr
*default*        0x00000000         0xffffffff

Linker script and memory map

LOAD /home/daniel/Ac6/SystemWorkbench/plugins/fr.ac6.mcu.externaltools.arm-none.linux64_1.13.1.201703061524/tools/compiler/bin/../lib/gcc/arm-none-eabi/5.4.1/armv7e-m/fpu/crti.o
LOAD /home/daniel/Ac6/SystemWorkbench/plugins/fr.ac6.mcu.externaltools.arm-none.linux64_1.13.1.201703061524/tools/compiler/bin/../lib/gcc/arm-none-eabi/5.4.1/armv7e-m/fpu/crtbegin.o
LOAD /home/daniel/Ac6/SystemWorkbench/plugins/fr.ac6.mcu.externaltools.arm-none.linux64_1.13.1.201703061524/tools/compiler/bin/../lib/gcc/arm-none-eabi/5.4.1/../../../../arm-none-eabi/lib/armv7e-m/fpu/crt0.o
LOAD /home/daniel/Ac6/SystemWorkbench/plugins/fr.ac6.mcu.externaltools.arm-none.linux64_1.13.1.201703061524/tools/compiler/bin/../lib/gcc/arm-none-eabi/5.4.1/../../../../arm-none-eabi/lib/armv7e-m/fpu/libm.a
LOAD Drivers/STM32F3xx_HAL_Driver/Src/stm32f3xx_hal.o
LOAD Drivers/STM32F3xx_HAL_Driver/Src/stm32f3xx_hal_cortex.o
LOAD Drivers/STM32F3xx_HAL_Driver/Src/stm32f3xx_hal_dma.o
LOAD Drivers/STM32F3xx_HAL_Driver/Src/stm32f3xx_hal_flash.o
LOAD Drivers/STM32F3xx_HAL_Driver/Src/stm32f3xx_hal_flash_ex.o
LOAD Drivers/STM32F3xx_HAL_Driver/Src/stm32f3xx_hal_gpio.o
LOAD Drivers/STM32F3xx_HAL_Driver/Src/stm32f3xx_hal_i2c.o
LOAD Drivers/STM32F3xx_HAL_Driver/Src/stm32f3xx_hal_i2c_ex.o
LOAD Drivers/STM32F3xx_HAL_Driver/Src/stm32f3xx_hal_pwr.o
LOAD Drivers/STM32F3xx_HAL_Driver/Src/stm32f3xx_hal_pwr_ex.o
LOAD Drivers/STM32F3xx_HAL_Driver/Src/stm32f3xx_hal_rcc.o
LOAD Drivers/STM32F3xx_HAL_Driver/Src/stm32f3xx_hal_rcc_ex.o
LOAD Drivers/STM32F3xx_HAL_Driver/Src/stm32f3xx_hal_spi.o
LOAD Drivers/STM32F3xx_HAL_Driver/Src/stm32f3xx_hal_spi_ex.o
LOAD Drivers/STM32F3xx_HAL_Driver/Src/stm32f3xx_hal_tim.o
LOAD Drivers/STM32F3xx_HAL_Driver/Src/stm32f3xx_hal_tim_ex.o
LOAD Src/main.o
LOAD Src/nrf24.o
LOAD Src/nrf24_app.o
LOAD Src/nrf24_hal.o
LOAD Src/stm32f3xx_hal_msp.o
LOAD Src/stm32f3xx_it.o
LOAD Src/system_stm32f3xx.o
LOAD startup/startup_stm32f303xc.o
START GROUP
LOAD /home/daniel/Ac6/SystemWorkbench/plugins/fr.ac6.mcu.externaltools.arm-none.linux64_1.13.1.201703061524/tools/compiler/bin/../lib/gcc/arm-none-eabi/5.4.1/armv7e-m/fpu/libgcc.a
LOAD /home/daniel/Ac6/SystemWorkbench/plugins/fr.ac6.mcu.externaltools.arm-none.linux64_1.13.1.201703061524/tools/compiler/bin/../lib/gcc/arm-none-eabi/5.4.1/../../../../arm-none-eabi/lib/armv7e-m/fpu/libc_nano.a
END GROUP
START GROUP
LOAD /home/daniel/Ac6/SystemWorkbench/plugins/fr.ac6.mcu.externaltools.arm-none.linux64_1.13.1.201703061524/tools/compiler/bin/../lib/gcc/arm-none-eabi/5.4.1/armv7e-m/fpu/libgcc.a
LOAD /home/daniel/Ac6/SystemWorkbench/plugins/fr.ac6.mcu.externaltools.arm-none.linux64_1.13.1.201703061524/tools/compiler/bin/../lib/gcc/arm-none-eabi/5.4.1/../../../../arm-none-eabi/lib/armv7e-m/fpu/libc_nano.a
LOAD /home/daniel/Ac6/SystemWorkbench/plugins/fr.ac6.mcu.externaltools.arm-none.linux64_1.13.1.201703061524/tools/compiler/bin/../lib/gcc/arm-none-eabi/5.4.1/../../../../arm-none-eabi/lib/armv7e-m/fpu/libnosys.a
END GROUP
START GROUP
LOAD /home/daniel/Ac6/SystemWorkbench/plugins/fr.ac6.mcu.externaltools.arm-none.linux64_1.13.1.201703061524/tools/compiler/bin/../lib/gcc/arm-none-eabi/5.4.1/armv7e-m/fpu/libgcc.a
LOAD /home/daniel/Ac6/SystemWorkbench/plugins/fr.ac6.mcu.externaltools.arm-none.linux64_1.13.1.201703061524/tools/compiler/bin/../lib/gcc/arm-none-eabi/5.4.1/../../../../arm-none-eabi/lib/armv7e-m/fpu/libc_nano.a
LOAD /home/daniel/Ac6/SystemWorkbench/plugins/fr.ac6.mcu.externaltools.arm-none.linux64_1.13.1.201703061524/tools/compiler/bin/../lib/gcc/arm-none-eabi/5.4.1/../../../../arm-none-eabi/lib/armv7e-m/fpu/libnosys.a
END GROUP
LOAD /home/daniel/Ac6/SystemWorkbench/plugins/fr.ac6.mcu.externaltools.arm-none.linux64_1.13.1.201703061524/tools/compiler/bin/../lib/gcc/arm-none-eabi/5.4.1/armv7e-m/fpu/crtend.o
LOAD /home/daniel/Ac6/SystemWorkbench/plugins/fr.ac6.mcu.externaltools.arm-none.linux64_1.13.1.201703061524/tools/compiler/bin/../lib/gcc/arm-none-eabi/5.4.1/armv7e-m/fpu/crtn.o
                0x2000a000                _estack = 0x2000a000
                0x00000200                _Min_Heap_Size = 0x200
                0x00000400                _Min_Stack_Size = 0x400

.isr_vector     0x08000000      0x188
                0x08000000                . = ALIGN (0x4)
 *(.isr_vector)
 .isr_vector    0x08000000      0x188 startup/startup_stm32f303xc.o
                0x08000000                g_pfnVectors
                0x08000188                . = ALIGN (0x4)

.text           0x08000188     0x1e18
                0x08000188                . = ALIGN (0x4)
 *(.text)
 .text          0x08000188       0x5c /home/daniel/Ac6/SystemWorkbench/plugins/fr.ac6.mcu.externaltools.arm-none.linux64_1.13.1.201703061524/tools/compiler/bin/../lib/gcc/arm-none-eabi/5.4.1/armv7e-m/fpu/crtbegin.o
 *(.text*)
 .text.HAL_InitTick
                0x080001e4       0x2c Drivers/STM32F3xx_HAL_Driver/Src/stm32f3xx_hal.o
                0x080001e4                HAL_InitTick
 .text.HAL_Init
                0x08000210       0x24 Drivers/STM32F3xx_HAL_Driver/Src/stm32f3xx_hal.o
                0x08000210                HAL_Init
 .text.HAL_IncTick
                0x08000234       0x10 Drivers/STM32F3xx_HAL_Driver/Src/stm32f3xx_hal.o
                0x08000234                HAL_IncTick
 .text.HAL_GetTick
                0x08000244        0xc Drivers/STM32F3xx_HAL_Driver/Src/stm32f3xx_hal.o
                0x08000244                HAL_GetTick
 .text.HAL_Delay
                0x08000250       0x1c Drivers/STM32F3xx_HAL_Driver/Src/stm32f3xx_hal.o
                0x08000250                HAL_Delay
 .text.HAL_NVIC_SetPriorityGrouping
                0x0800026c       0x24 Drivers/STM32F3xx_HAL_Driver/Src/stm32f3xx_hal_cortex.o
                0x0800026c                HAL_NVIC_SetPriorityGrouping
 .text.HAL_NVIC_SetPriority
                0x08000290       0x64 Drivers/STM32F3xx_HAL_Driver/Src/stm32f3xx_hal_cortex.o
                0x08000290                HAL_NVIC_SetPriority
 .text.HAL_NVIC_EnableIRQ
                0x080002f4       0x18 Drivers/STM32F3xx_HAL_Driver/Src/stm32f3xx_hal_cortex.o
                0x080002f4                HAL_NVIC_EnableIRQ
 .text.HAL_NVIC_DisableIRQ
                0x0800030c       0x1c Drivers/STM32F3xx_HAL_Driver/Src/stm32f3xx_hal_cortex.o
                0x0800030c                HAL_NVIC_DisableIRQ
 .text.HAL_SYSTICK_Config
                0x08000328       0x2c Drivers/STM32F3xx_HAL_Driver/Src/stm32f3xx_hal_cortex.o
                0x08000328                HAL_SYSTICK_Config
 .text.HAL_SYSTICK_CLKSourceConfig
                0x08000354       0x20 Drivers/STM32F3xx_HAL_Driver/Src/stm32f3xx_hal_cortex.o
                0x08000354                HAL_SYSTICK_CLKSourceConfig
 .text.HAL_SYSTICK_Callback
                0x08000374        0x4 Drivers/STM32F3xx_HAL_Driver/Src/stm32f3xx_hal_cortex.o
                0x08000374                HAL_SYSTICK_Callback
 .text.HAL_SYSTICK_IRQHandler
                0x08000378        0x8 Drivers/STM32F3xx_HAL_Driver/Src/stm32f3xx_hal_cortex.o
                0x08000378                HAL_SYSTICK_IRQHandler
 .text.HAL_GPIO_Init
                0x08000380      0x194 Drivers/STM32F3xx_HAL_Driver/Src/stm32f3xx_hal_gpio.o
                0x08000380                HAL_GPIO_Init
 .text.HAL_GPIO_WritePin
                0x08000514        0xc Drivers/STM32F3xx_HAL_Driver/Src/stm32f3xx_hal_gpio.o
                0x08000514                HAL_GPIO_WritePin
 .text.HAL_GPIO_TogglePin
                0x08000520        0x8 Drivers/STM32F3xx_HAL_Driver/Src/stm32f3xx_hal_gpio.o
                0x08000520                HAL_GPIO_TogglePin
 .text.HAL_RCC_OscConfig
                0x08000528      0x620 Drivers/STM32F3xx_HAL_Driver/Src/stm32f3xx_hal_rcc.o
                0x08000528                HAL_RCC_OscConfig
 .text.HAL_RCC_GetSysClockFreq
                0x08000b48       0x74 Drivers/STM32F3xx_HAL_Driver/Src/stm32f3xx_hal_rcc.o
                0x08000b48                HAL_RCC_GetSysClockFreq
 .text.HAL_RCC_ClockConfig
                0x08000bbc      0x1e4 Drivers/STM32F3xx_HAL_Driver/Src/stm32f3xx_hal_rcc.o
                0x08000bbc                HAL_RCC_ClockConfig
 .text.HAL_RCC_GetHCLKFreq
                0x08000da0        0xc Drivers/STM32F3xx_HAL_Driver/Src/stm32f3xx_hal_rcc.o
                0x08000da0                HAL_RCC_GetHCLKFreq
 .text.SPI_WaitFifoStateUntilTimeout
                0x08000dac       0x9c Drivers/STM32F3xx_HAL_Driver/Src/stm32f3xx_hal_spi.o
 .text.SPI_WaitFlagStateUntilTimeout
                0x08000e48       0x90 Drivers/STM32F3xx_HAL_Driver/Src/stm32f3xx_hal_spi.o
 .text.SPI_EndRxTxTransaction
                0x08000ed8       0x48 Drivers/STM32F3xx_HAL_Driver/Src/stm32f3xx_hal_spi.o
 .text.HAL_SPI_Init
                0x08000f20       0xbc Drivers/STM32F3xx_HAL_Driver/Src/stm32f3xx_hal_spi.o
                0x08000f20                HAL_SPI_Init
 .text.HAL_SPI_TransmitReceive
                0x08000fdc      0x2cc Drivers/STM32F3xx_HAL_Driver/Src/stm32f3xx_hal_spi.o
                0x08000fdc                HAL_SPI_TransmitReceive
 .text.tx_cbk_func
                0x080012a8       0x60 Src/main.o
                0x080012a8                tx_cbk_func
 .text.rx_cbk_func
                0x08001308       0x88 Src/main.o
                0x08001308                rx_cbk_func
 .text.MX_GPIO_Init
                0x08001390       0xac Src/main.o
 .text.run      0x0800143c       0xd4 Src/main.o
                0x0800143c                run
 .text._Error_Handler
                0x08001510        0x4 Src/main.o
                0x08001510                _Error_Handler
 .text.MX_SPI2_Init
                0x08001514       0x54 Src/main.o
 .text.SystemClock_Config
                0x08001568       0x78 Src/main.o
                0x08001568                SystemClock_Config
 .text.main     0x080015e0       0x40 Src/main.o
                0x080015e0                main
 .text.nRF24_WriteReg
                0x08001620       0x58 Src/nrf24.o
 .text.nRF24_WriteMBReg
                0x08001678       0x44 Src/nrf24.o
 .text.nRF24_ReadMBReg
                0x080016bc       0x44 Src/nrf24.o
 .text.nRF24_ReadReg
                0x08001700       0x38 Src/nrf24.o
 .text.nRF24_SetPowerMode
                0x08001738       0x24 Src/nrf24.o
                0x08001738                nRF24_SetPowerMode
 .text.nRF24_SetOperationalMode
                0x0800175c       0x1c Src/nrf24.o
                0x0800175c                nRF24_SetOperationalMode
 .text.nRF24_SetCRCScheme
                0x08001778       0x20 Src/nrf24.o
                0x08001778                nRF24_SetCRCScheme
 .text.nRF24_SetRFChannel
                0x08001798        0xc Src/nrf24.o
                0x08001798                nRF24_SetRFChannel
 .text.nRF24_SetAutoRetr
                0x080017a4       0x14 Src/nrf24.o
                0x080017a4                nRF24_SetAutoRetr
 .text.nRF24_SetAddrWidth
                0x080017b8       0x10 Src/nrf24.o
                0x080017b8                nRF24_SetAddrWidth
 .text.nRF24_SetAddr
                0x080017c8       0x74 Src/nrf24.o
                0x080017c8                nRF24_SetAddr
 .text.nRF24_SetTXPower
                0x0800183c       0x18 Src/nrf24.o
                0x0800183c                nRF24_SetTXPower
 .text.nRF24_SetDataRate
                0x08001854       0x18 Src/nrf24.o
                0x08001854                nRF24_SetDataRate
 .text.nRF24_SetRXPipe
                0x0800186c       0x5c Src/nrf24.o
                0x0800186c                nRF24_SetRXPipe
 .text.nRF24_EnableAA
                0x080018c8       0x20 Src/nrf24.o
                0x080018c8                nRF24_EnableAA
 .text.nRF24_SetFeatureReg
                0x080018e8       0x18 Src/nrf24.o
                0x080018e8                nRF24_SetFeatureReg
 .text.nRF24_GetStatus
                0x08001900        0xc Src/nrf24.o
                0x08001900                nRF24_GetStatus
 .text.nRF24_GetStatus_RXFIFO
                0x0800190c       0x10 Src/nrf24.o
                0x0800190c                nRF24_GetStatus_RXFIFO
 .text.nRF24_ResetPLOS
                0x0800191c       0x14 Src/nrf24.o
                0x0800191c                nRF24_ResetPLOS
 .text.nRF24_FlushTX
                0x08001930        0xc Src/nrf24.o
                0x08001930                nRF24_FlushTX
 .text.nRF24_FlushRX
                0x0800193c        0xc Src/nrf24.o
                0x0800193c                nRF24_FlushRX
 .text.nRF24_ClearIRQFlags
                0x08001948       0x18 Src/nrf24.o
                0x08001948                nRF24_ClearIRQFlags
 .text.nRF24_Init
                0x08001960       0xa8 Src/nrf24.o
                0x08001960                nRF24_Init
 .text.nRF24_WritePayload
                0x08001a08       0x10 Src/nrf24.o
                0x08001a08                nRF24_WritePayload
 .text.nRF24_ReadRxFifoPayload
                0x08001a18       0x10 Src/nrf24.o
                0x08001a18                nRF24_ReadRxFifoPayload
 .text.nRF24_ReadPipePayload
                0x08001a28       0x24 Src/nrf24.o
                0x08001a28                nRF24_ReadPipePayload
 .text.nRF24_WriteAckPayload
                0x08001a4c       0x10 Src/nrf24.o
                0x08001a4c                nRF24_WriteAckPayload
 .text.nRF24_Interrupt
                0x08001a5c       0x60 Src/nrf24.o
                0x08001a5c                nRF24_Interrupt
 .text.all_all_tx_int
                0x08001abc       0x14 Src/nrf24_app.o
 .text.unidirack_ptx_rx_int
                0x08001ad0        0x4 Src/nrf24_app.o
 .text.all_all_pre_common_cfg
                0x08001ad4       0x2c Src/nrf24_app.o
 .text.bidirack_all_pre_common_cfg
                0x08001b00       0x10 Src/nrf24_app.o
 .text.unidirack_all_pre_common_cfg
                0x08001b10       0x10 Src/nrf24_app.o
 .text.bidirack_prx_rx_int
                0x08001b20       0x50 Src/nrf24_app.o
 .text.unidirack_prx_rx_int
                0x08001b70       0x44 Src/nrf24_app.o
 .text.bidirack_ptx_rx_int
                0x08001bb4       0x3c Src/nrf24_app.o
 .text.all_all_post_common_cfg
                0x08001bf0       0x24 Src/nrf24_app.o
 .text.all_prx_cfg
                0x08001c14       0x20 Src/nrf24_app.o
 .text.all_ptx_cfg
                0x08001c34       0x28 Src/nrf24_app.o
 .text.nrf24_app_tx_data_cbk
                0x08001c5c       0x1c Src/nrf24_app.o
                0x08001c5c                nrf24_app_tx_data_cbk
 .text.nrf24_app_rx_data_cbk
                0x08001c78       0x1c Src/nrf24_app.o
                0x08001c78                nrf24_app_rx_data_cbk
 .text.nrf24_app_tx_data
                0x08001c94       0x30 Src/nrf24_app.o
                0x08001c94                nrf24_app_tx_data
 .text.nrf24_app_init
                0x08001cc4       0x48 Src/nrf24_app.o
                0x08001cc4                nrf24_app_init
 .text.EXTI1_IRQHandler
                0x08001d0c       0x14 Src/nrf24_hal.o
                0x08001d0c                EXTI1_IRQHandler
 .text.nRF24_GPIO_Interrupt_Set
                0x08001d20       0x14 Src/nrf24_hal.o
                0x08001d20                nRF24_GPIO_Interrupt_Set
 .text.nRF24_GPIO_Init
                0x08001d34       0x24 Src/nrf24_hal.o
                0x08001d34                nRF24_GPIO_Init
 .text.nRF24_LL_RW
                0x08001d58       0x30 Src/nrf24_hal.o
                0x08001d58                nRF24_LL_RW
 .text.HAL_MspInit
                0x08001d88       0x7c Src/stm32f3xx_hal_msp.o
                0x08001d88                HAL_MspInit
 .text.HAL_SPI_MspInit
                0x08001e04       0x50 Src/stm32f3xx_hal_msp.o
                0x08001e04                HAL_SPI_MspInit
 .text.NMI_Handler
                0x08001e54        0x4 Src/stm32f3xx_it.o
                0x08001e54                NMI_Handler
 .text.HardFault_Handler
                0x08001e58        0x4 Src/stm32f3xx_it.o
                0x08001e58                HardFault_Handler
 .text.MemManage_Handler
                0x08001e5c        0x4 Src/stm32f3xx_it.o
                0x08001e5c                MemManage_Handler
 .text.BusFault_Handler
                0x08001e60        0x4 Src/stm32f3xx_it.o
                0x08001e60                BusFault_Handler
 .text.UsageFault_Handler
                0x08001e64        0x4 Src/stm32f3xx_it.o
                0x08001e64                UsageFault_Handler
 .text.SVC_Handler
                0x08001e68        0x4 Src/stm32f3xx_it.o
                0x08001e68                SVC_Handler
 .text.DebugMon_Handler
                0x08001e6c        0x4 Src/stm32f3xx_it.o
                0x08001e6c                DebugMon_Handler
 .text.PendSV_Handler
                0x08001e70        0x4 Src/stm32f3xx_it.o
                0x08001e70                PendSV_Handler
 .text.SysTick_Handler
                0x08001e74        0xc Src/stm32f3xx_it.o
                0x08001e74                SysTick_Handler
 .text.SystemInit
                0x08001e80       0x68 Src/system_stm32f3xx.o
                0x08001e80                SystemInit
 .text.Reset_Handler
                0x08001ee8       0x50 startup/startup_stm32f303xc.o
                0x08001ee8                Reset_Handler
 .text.Default_Handler
                0x08001f38        0x2 startup/startup_stm32f303xc.o
                0x08001f38                RTC_Alarm_IRQHandler
                0x08001f38                TIM8_TRG_COM_IRQHandler
                0x08001f38                TIM8_CC_IRQHandler
                0x08001f38                TIM1_CC_IRQHandler
                0x08001f38                USB_HP_IRQHandler
                0x08001f38                PVD_IRQHandler
                0x08001f38                TAMP_STAMP_IRQHandler
                0x08001f38                EXTI3_IRQHandler
                0x08001f38                USB_HP_CAN_TX_IRQHandler
                0x08001f38                EXTI0_IRQHandler
                0x08001f38                I2C2_EV_IRQHandler
                0x08001f38                FPU_IRQHandler
                0x08001f38                TIM1_UP_TIM16_IRQHandler
                0x08001f38                ADC1_2_IRQHandler
                0x08001f38                SPI1_IRQHandler
                0x08001f38                CAN_SCE_IRQHandler
                0x08001f38                TIM6_DAC_IRQHandler
                0x08001f38                TIM8_UP_IRQHandler
                0x08001f38                DMA2_Channel2_IRQHandler
                0x08001f38                DMA1_Channel4_IRQHandler
                0x08001f38                USART3_IRQHandler
                0x08001f38                DMA1_Channel7_IRQHandler
                0x08001f38                UART5_IRQHandler
                0x08001f38                ADC3_IRQHandler
                0x08001f38                TIM4_IRQHandler
                0x08001f38                CAN_RX1_IRQHandler
                0x08001f38                DMA2_Channel1_IRQHandler
                0x08001f38                I2C1_EV_IRQHandler
                0x08001f38                DMA1_Channel6_IRQHandler
                0x08001f38                UART4_IRQHandler
                0x08001f38                DMA2_Channel4_IRQHandler
                0x08001f38                TIM3_IRQHandler
                0x08001f38                RCC_IRQHandler
                0x08001f38                DMA1_Channel1_IRQHandler
                0x08001f38                Default_Handler
                0x08001f38                USBWakeUp_RMP_IRQHandler
                0x08001f38                EXTI15_10_IRQHandler
                0x08001f38                TIM7_IRQHandler
                0x08001f38                EXTI9_5_IRQHandler
                0x08001f38                RTC_WKUP_IRQHandler
                0x08001f38                SPI2_IRQHandler
                0x08001f38                USB_LP_CAN_RX0_IRQHandler
                0x08001f38                DMA2_Channel5_IRQHandler
                0x08001f38                DMA1_Channel5_IRQHandler
                0x08001f38                USB_LP_IRQHandler
                0x08001f38                EXTI4_IRQHandler
                0x08001f38                TIM1_TRG_COM_TIM17_IRQHandler
                0x08001f38                DMA1_Channel3_IRQHandler
                0x08001f38                ADC4_IRQHandler
                0x08001f38                WWDG_IRQHandler
                0x08001f38                TIM2_IRQHandler
                0x08001f38                COMP7_IRQHandler
                0x08001f38                COMP1_2_3_IRQHandler
                0x08001f38                USART2_IRQHandler
                0x08001f38                COMP4_5_6_IRQHandler
                0x08001f38                I2C2_ER_IRQHandler
                0x08001f38                DMA1_Channel2_IRQHandler
                0x08001f38                TIM8_BRK_IRQHandler
                0x08001f38                FLASH_IRQHandler
                0x08001f38                USART1_IRQHandler
                0x08001f38                SPI3_IRQHandler
                0x08001f38                I2C1_ER_IRQHandler
                0x08001f38                USBWakeUp_IRQHandler
                0x08001f38                DMA2_Channel3_IRQHandler
                0x08001f38                EXTI2_TSC_IRQHandler
                0x08001f38                TIM1_BRK_TIM15_IRQHandler
 *fill*         0x08001f3a        0x2 
 .text.__libc_init_array
                0x08001f3c       0x4c /home/daniel/Ac6/SystemWorkbench/plugins/fr.ac6.mcu.externaltools.arm-none.linux64_1.13.1.201703061524/tools/compiler/bin/../lib/gcc/arm-none-eabi/5.4.1/../../../../arm-none-eabi/lib/armv7e-m/fpu/libc_nano.a(lib_a-init.o)
                0x08001f3c                __libc_init_array
 *(.glue_7)
 .glue_7        0x08001f88        0x0 linker stubs
 *(.glue_7t)
 .glue_7t       0x08001f88        0x0 linker stubs
 *(.eh_frame)
 .eh_frame      0x08001f88        0x0 /home/daniel/Ac6/SystemWorkbench/plugins/fr.ac6.mcu.externaltools.arm-none.linux64_1.13.1.201703061524/tools/compiler/bin/../lib/gcc/arm-none-eabi/5.4.1/armv7e-m/fpu/crtbegin.o
 *(.init)
 .init          0x08001f88        0x4 /home/daniel/Ac6/SystemWorkbench/plugins/fr.ac6.mcu.externaltools.arm-none.linux64_1.13.1.201703061524/tools/compiler/bin/../lib/gcc/arm-none-eabi/5.4.1/armv7e-m/fpu/crti.o
                0x08001f88                _init
 .init          0x08001f8c        0x8 /home/daniel/Ac6/SystemWorkbench/plugins/fr.ac6.mcu.externaltools.arm-none.linux64_1.13.1.201703061524/tools/compiler/bin/../lib/gcc/arm-none-eabi/5.4.1/armv7e-m/fpu/crtn.o
 *(.fini)
 .fini          0x08001f94        0x4 /home/daniel/Ac6/SystemWorkbench/plugins/fr.ac6.mcu.externaltools.arm-none.linux64_1.13.1.201703061524/tools/compiler/bin/../lib/gcc/arm-none-eabi/5.4.1/armv7e-m/fpu/crti.o
                0x08001f94                _fini
 .fini          0x08001f98        0x8 /home/daniel/Ac6/SystemWorkbench/plugins/fr.ac6.mcu.externaltools.arm-none.linux64_1.13.1.201703061524/tools/compiler/bin/../lib/gcc/arm-none-eabi/5.4.1/armv7e-m/fpu/crtn.o
                0x08001fa0                . = ALIGN (0x4)
                0x08001fa0                _etext = .

.vfp11_veneer   0x08001fa0        0x0
 .vfp11_veneer  0x08001fa0        0x0 linker stubs

.v4_bx          0x08001fa0        0x0
 .v4_bx         0x08001fa0        0x0 linker stubs

.iplt           0x08001fa0        0x0
 .iplt          0x08001fa0        0x0 /home/daniel/Ac6/SystemWorkbench/plugins/fr.ac6.mcu.externaltools.arm-none.linux64_1.13.1.201703061524/tools/compiler/bin/../lib/gcc/arm-none-eabi/5.4.1/armv7e-m/fpu/crtbegin.o

.rodata         0x08001fa0       0x5c
                0x08001fa0                . = ALIGN (0x4)
 *(.rodata)
 .rodata        0x08001fa0       0x20 Drivers/STM32F3xx_HAL_Driver/Src/stm32f3xx_hal_rcc.o
                0x08001fa0                aPLLMULFactorTable
                0x08001fb0                aPredivFactorTable
 .rodata        0x08001fc0        0xe Src/nrf24.o
 *fill*         0x08001fce        0x2 
 .rodata        0x08001fd0        0x4 Src/nrf24_app.o
                0x08001fd3                MAX_PAYLOAD_LEN
 .rodata        0x08001fd4       0x18 Src/system_stm32f3xx.o
                0x08001fd4                AHBPrescTable
                0x08001fe4                APBPrescTable
 *(.rodata*)
 .rodata.str1.4
                0x08001fec       0x10 Src/main.o
                                  0xe (size before relaxing)
                0x08001ffc                . = ALIGN (0x4)

.rel.dyn        0x08001ffc        0x0
 .rel.iplt      0x08001ffc        0x0 /home/daniel/Ac6/SystemWorkbench/plugins/fr.ac6.mcu.externaltools.arm-none.linux64_1.13.1.201703061524/tools/compiler/bin/../lib/gcc/arm-none-eabi/5.4.1/armv7e-m/fpu/crtbegin.o

.ARM.extab
 *(.ARM.extab* .gnu.linkonce.armextab.*)

.ARM            0x08001ffc        0x0
                0x08001ffc                __exidx_start = .
 *(.ARM.exidx*)
                0x08001ffc                __exidx_end = .

.preinit_array  0x08001ffc        0x0
                0x08001ffc                PROVIDE (__preinit_array_start, .)
 *(.preinit_array*)
                0x08001ffc                PROVIDE (__preinit_array_end, .)

.init_array     0x08001ffc        0x4
                0x08001ffc                PROVIDE (__init_array_start, .)
 *(SORT(.init_array.*))
 *(.init_array*)
 .init_array    0x08001ffc        0x4 /home/daniel/Ac6/SystemWorkbench/plugins/fr.ac6.mcu.externaltools.arm-none.linux64_1.13.1.201703061524/tools/compiler/bin/../lib/gcc/arm-none-eabi/5.4.1/armv7e-m/fpu/crtbegin.o
                0x08002000                PROVIDE (__init_array_end, .)

.fini_array     0x08002000        0x4
                [!provide]                PROVIDE (__fini_array_start, .)
 *(SORT(.fini_array.*))
 *(.fini_array*)
 .fini_array    0x08002000        0x4 /home/daniel/Ac6/SystemWorkbench/plugins/fr.ac6.mcu.externaltools.arm-none.linux64_1.13.1.201703061524/tools/compiler/bin/../lib/gcc/arm-none-eabi/5.4.1/armv7e-m/fpu/crtbegin.o
                [!provide]                PROVIDE (__fini_array_end, .)
                0x08002004                _sidata = LOADADDR (.data)

.data           0x20000000       0x5c load address 0x08002004
                0x20000000                . = ALIGN (0x4)
                0x20000000                _sdata = .
 *(.data)
 .data          0x20000000       0x58 Src/nrf24_app.o
 .data          0x20000058        0x4 Src/system_stm32f3xx.o
                0x20000058                SystemCoreClock
 *(.data*)
                0x2000005c                . = ALIGN (0x4)
                0x2000005c                _edata = .
                0x08002060                _siccmram = LOADADDR (.ccmram)

.jcr            0x2000005c        0x0 load address 0x08002060
 .jcr           0x2000005c        0x0 /home/daniel/Ac6/SystemWorkbench/plugins/fr.ac6.mcu.externaltools.arm-none.linux64_1.13.1.201703061524/tools/compiler/bin/../lib/gcc/arm-none-eabi/5.4.1/armv7e-m/fpu/crtbegin.o

.igot.plt       0x2000005c        0x0 load address 0x08002060
 .igot.plt      0x2000005c        0x0 /home/daniel/Ac6/SystemWorkbench/plugins/fr.ac6.mcu.externaltools.arm-none.linux64_1.13.1.201703061524/tools/compiler/bin/../lib/gcc/arm-none-eabi/5.4.1/armv7e-m/fpu/crtbegin.o

.ccmram         0x10000000        0x0 load address 0x08002060
                0x10000000                . = ALIGN (0x4)
                0x10000000                _sccmram = .
 *(.ccmram)
 *(.ccmram*)
                0x10000000                . = ALIGN (0x4)
                0x10000000                _eccmram = .
                0x10000000                . = ALIGN (0x4)

.bss            0x2000005c       0x90
                0x2000005c                _sbss = .
                0x2000005c                __bss_start__ = _sbss
 *(.bss)
 .bss           0x2000005c       0x1c /home/daniel/Ac6/SystemWorkbench/plugins/fr.ac6.mcu.externaltools.arm-none.linux64_1.13.1.201703061524/tools/compiler/bin/../lib/gcc/arm-none-eabi/5.4.1/armv7e-m/fpu/crtbegin.o
 .bss           0x20000078        0x4 Src/nrf24_app.o
 *(.bss*)
 *(COMMON)
 COMMON         0x2000007c        0x4 Drivers/STM32F3xx_HAL_Driver/Src/stm32f3xx_hal.o
                0x2000007c                uwTick
 COMMON         0x20000080       0x6b Src/main.o
                0x20000080                scenario
                0x20000084                hspi2
                0x200000e8                new_data
                0x200000e9                wait_data
                0x200000ea                role
                0x200000ec                . = ALIGN (0x4)
 *fill*         0x200000eb        0x1 
                0x200000ec                _ebss = .
                0x200000ec                __bss_end__ = _ebss

._user_heap_stack
                0x200000ec      0x604
                0x200000f0                . = ALIGN (0x8)
 *fill*         0x200000ec        0x4 
                [!provide]                PROVIDE (end, .)
                [!provide]                PROVIDE (_end, .)
                0x200002f0                . = (. + _Min_Heap_Size)
 *fill*         0x200000f0      0x200 
                0x200006f0                . = (. + _Min_Stack_Size)
 *fill*         0x200002f0      0x400 
                0x200006f0                . = ALIGN (0x8)

/DISCARD/
 libc.a(*)
 libm.a(*)
 libgcc.a(*)

.ARM.attributes
                0x00000000       0x30
 *(.ARM.attributes)
 .ARM.attributes
                0x00000000       0x22 /home/daniel/Ac6/SystemWorkbench/plugins/fr.ac6.mcu.externaltools.arm-none.linux64_1.13.1.201703061524/tools/compiler/bin/../lib/gcc/arm-none-eabi/5.4.1/armv7e-m/fpu/crti.o
 .ARM.attributes
                0x00000022       0x34 /home/daniel/Ac6/SystemWorkbench/plugins/fr.ac6.mcu.externaltools.arm-none.linux64_1.13.1.201703061524/tools/compiler/bin/../lib/gcc/arm-none-eabi/5.4.1/armv7e-m/fpu/crtbegin.o
 .ARM.attributes
                0x00000056       0x39 Drivers/STM32F3xx_HAL_Driver/Src/stm32f3xx_hal.o
 .ARM.attributes
                0x0000008f       0x39 Drivers/STM32F3xx_HAL_Driver/Src/stm32f3xx_hal_cortex.o
 .ARM.attributes
                0x000000c8       0x39 Drivers/STM32F3xx_HAL_Driver/Src/stm32f3xx_hal_gpio.o
 .ARM.attributes
                0x00000101       0x39 Drivers/STM32F3xx_HAL_Driver/Src/stm32f3xx_hal_rcc.o
 .ARM.attributes
                0x0000013a       0x39 Drivers/STM32F3xx_HAL_Driver/Src/stm32f3xx_hal_spi.o
 .ARM.attributes
                0x00000173       0x39 Src/main.o
 .ARM.attributes
                0x000001ac       0x39 Src/nrf24.o
 .ARM.attributes
                0x000001e5       0x39 Src/nrf24_app.o
 .ARM.attributes
                0x0000021e       0x39 Src/nrf24_hal.o
 .ARM.attributes
                0x00000257       0x39 Src/stm32f3xx_hal_msp.o
 .ARM.attributes
                0x00000290       0x39 Src/stm32f3xx_it.o
 .ARM.attributes
                0x000002c9       0x39 Src/system_stm32f3xx.o
 .ARM.attributes
                0x00000302       0x21 startup/startup_stm32f303xc.o
 .ARM.attributes
                0x00000323       0x34 /home/daniel/Ac6/SystemWorkbench/plugins/fr.ac6.mcu.externaltools.arm-none.linux64_1.13.1.201703061524/tools/compiler/bin/../lib/gcc/arm-none-eabi/5.4.1/../../../../arm-none-eabi/lib/armv7e-m/fpu/libc_nano.a(lib_a-init.o)
 .ARM.attributes
                0x00000357       0x22 /home/daniel/Ac6/SystemWorkbench/plugins/fr.ac6.mcu.externaltools.arm-none.linux64_1.13.1.201703061524/tools/compiler/bin/../lib/gcc/arm-none-eabi/5.4.1/armv7e-m/fpu/crtn.o
OUTPUT(ECC_NRF24_TX.elf elf32-littlearm)

.debug_info     0x00000000     0x9bce
 .debug_info    0x00000000      0x700 Drivers/STM32F3xx_HAL_Driver/Src/stm32f3xx_hal.o
 .debug_info    0x00000700      0xe77 Drivers/STM32F3xx_HAL_Driver/Src/stm32f3xx_hal_cortex.o
 .debug_info    0x00001577      0x66e Drivers/STM32F3xx_HAL_Driver/Src/stm32f3xx_hal_gpio.o
 .debug_info    0x00001be5     0x13a2 Drivers/STM32F3xx_HAL_Driver/Src/stm32f3xx_hal_rcc.o
 .debug_info    0x00002f87     0x1d59 Drivers/STM32F3xx_HAL_Driver/Src/stm32f3xx_hal_spi.o
 .debug_info    0x00004ce0     0x129e Src/main.o
 .debug_info    0x00005f7e     0x12c9 Src/nrf24.o
 .debug_info    0x00007247      0xdeb Src/nrf24_app.o
 .debug_info    0x00008032      0xab9 Src/nrf24_hal.o
 .debug_info    0x00008aeb      0xafc Src/stm32f3xx_hal_msp.o
 .debug_info    0x000095e7      0x174 Src/stm32f3xx_it.o
 .debug_info    0x0000975b      0x404 Src/system_stm32f3xx.o
 .debug_info    0x00009b5f       0x6f startup/startup_stm32f303xc.o

.debug_abbrev   0x00000000     0x17ca
 .debug_abbrev  0x00000000      0x1c1 Drivers/STM32F3xx_HAL_Driver/Src/stm32f3xx_hal.o
 .debug_abbrev  0x000001c1      0x2e2 Drivers/STM32F3xx_HAL_Driver/Src/stm32f3xx_hal_cortex.o
 .debug_abbrev  0x000004a3      0x1cd Drivers/STM32F3xx_HAL_Driver/Src/stm32f3xx_hal_gpio.o
 .debug_abbrev  0x00000670      0x283 Drivers/STM32F3xx_HAL_Driver/Src/stm32f3xx_hal_rcc.o
 .debug_abbrev  0x000008f3      0x22c Drivers/STM32F3xx_HAL_Driver/Src/stm32f3xx_hal_spi.o
 .debug_abbrev  0x00000b1f      0x2b0 Src/main.o
 .debug_abbrev  0x00000dcf      0x24b Src/nrf24.o
 .debug_abbrev  0x0000101a      0x26d Src/nrf24_app.o
 .debug_abbrev  0x00001287      0x1e3 Src/nrf24_hal.o
 .debug_abbrev  0x0000146a      0x18f Src/stm32f3xx_hal_msp.o
 .debug_abbrev  0x000015f9       0xbb Src/stm32f3xx_it.o
 .debug_abbrev  0x000016b4      0x104 Src/system_stm32f3xx.o
 .debug_abbrev  0x000017b8       0x12 startup/startup_stm32f303xc.o

.debug_loc      0x00000000     0x3e14
 .debug_loc     0x00000000       0x4b Drivers/STM32F3xx_HAL_Driver/Src/stm32f3xx_hal.o
 .debug_loc     0x0000004b      0x548 Drivers/STM32F3xx_HAL_Driver/Src/stm32f3xx_hal_cortex.o
 .debug_loc     0x00000593      0x2ff Drivers/STM32F3xx_HAL_Driver/Src/stm32f3xx_hal_gpio.o
 .debug_loc     0x00000892      0x9bb Drivers/STM32F3xx_HAL_Driver/Src/stm32f3xx_hal_rcc.o
 .debug_loc     0x0000124d     0x1956 Drivers/STM32F3xx_HAL_Driver/Src/stm32f3xx_hal_spi.o
 .debug_loc     0x00002ba3      0x408 Src/main.o
 .debug_loc     0x00002fab      0x974 Src/nrf24.o
 .debug_loc     0x0000391f      0x338 Src/nrf24_app.o
 .debug_loc     0x00003c57       0x71 Src/nrf24_hal.o
 .debug_loc     0x00003cc8       0x4d Src/stm32f3xx_hal_msp.o
 .debug_loc     0x00003d15       0xff Src/system_stm32f3xx.o

.debug_aranges  0x00000000      0x758
 .debug_aranges
                0x00000000       0xb0 Drivers/STM32F3xx_HAL_Driver/Src/stm32f3xx_hal.o
 .debug_aranges
                0x000000b0       0xa8 Drivers/STM32F3xx_HAL_Driver/Src/stm32f3xx_hal_cortex.o
 .debug_aranges
                0x00000158       0x58 Drivers/STM32F3xx_HAL_Driver/Src/stm32f3xx_hal_gpio.o
 .debug_aranges
                0x000001b0       0x88 Drivers/STM32F3xx_HAL_Driver/Src/stm32f3xx_hal_rcc.o
 .debug_aranges
                0x00000238      0x1d8 Drivers/STM32F3xx_HAL_Driver/Src/stm32f3xx_hal_spi.o
 .debug_aranges
                0x00000410       0x58 Src/main.o
 .debug_aranges
                0x00000468      0x140 Src/nrf24.o
 .debug_aranges
                0x000005a8       0x98 Src/nrf24_app.o
 .debug_aranges
                0x00000640       0x38 Src/nrf24_hal.o
 .debug_aranges
                0x00000678       0x30 Src/stm32f3xx_hal_msp.o
 .debug_aranges
                0x000006a8       0x60 Src/stm32f3xx_it.o
 .debug_aranges
                0x00000708       0x28 Src/system_stm32f3xx.o
 .debug_aranges
                0x00000730       0x28 startup/startup_stm32f303xc.o

.debug_ranges   0x00000000      0x6d8
 .debug_ranges  0x00000000       0xa0 Drivers/STM32F3xx_HAL_Driver/Src/stm32f3xx_hal.o
 .debug_ranges  0x000000a0       0x98 Drivers/STM32F3xx_HAL_Driver/Src/stm32f3xx_hal_cortex.o
 .debug_ranges  0x00000138       0x48 Drivers/STM32F3xx_HAL_Driver/Src/stm32f3xx_hal_gpio.o
 .debug_ranges  0x00000180       0x90 Drivers/STM32F3xx_HAL_Driver/Src/stm32f3xx_hal_rcc.o
 .debug_ranges  0x00000210      0x1c8 Drivers/STM32F3xx_HAL_Driver/Src/stm32f3xx_hal_spi.o
 .debug_ranges  0x000003d8       0x78 Src/main.o
 .debug_ranges  0x00000450      0x130 Src/nrf24.o
 .debug_ranges  0x00000580       0x88 Src/nrf24_app.o
 .debug_ranges  0x00000608       0x28 Src/nrf24_hal.o
 .debug_ranges  0x00000630       0x20 Src/stm32f3xx_hal_msp.o
 .debug_ranges  0x00000650       0x50 Src/stm32f3xx_it.o
 .debug_ranges  0x000006a0       0x18 Src/system_stm32f3xx.o
 .debug_ranges  0x000006b8       0x20 startup/startup_stm32f303xc.o

.debug_macro    0x00000000    0x1d50f
 .debug_macro   0x00000000      0x323 Drivers/STM32F3xx_HAL_Driver/Src/stm32f3xx_hal.o
 .debug_macro   0x00000323      0x898 Drivers/STM32F3xx_HAL_Driver/Src/stm32f3xx_hal.o
 .debug_macro   0x00000bbb       0x58 Drivers/STM32F3xx_HAL_Driver/Src/stm32f3xx_hal.o
 .debug_macro   0x00000c13       0x9f Drivers/STM32F3xx_HAL_Driver/Src/stm32f3xx_hal.o
 .debug_macro   0x00000cb2       0x31 Drivers/STM32F3xx_HAL_Driver/Src/stm32f3xx_hal.o
 .debug_macro   0x00000ce3       0x28 Drivers/STM32F3xx_HAL_Driver/Src/stm32f3xx_hal.o
 .debug_macro   0x00000d0b       0x22 Drivers/STM32F3xx_HAL_Driver/Src/stm32f3xx_hal.o
 .debug_macro   0x00000d2d       0x87 Drivers/STM32F3xx_HAL_Driver/Src/stm32f3xx_hal.o
 .debug_macro   0x00000db4       0x44 Drivers/STM32F3xx_HAL_Driver/Src/stm32f3xx_hal.o
 .debug_macro   0x00000df8       0xfd Drivers/STM32F3xx_HAL_Driver/Src/stm32f3xx_hal.o
 .debug_macro   0x00000ef5       0x5e Drivers/STM32F3xx_HAL_Driver/Src/stm32f3xx_hal.o
 .debug_macro   0x00000f53      0x1df Drivers/STM32F3xx_HAL_Driver/Src/stm32f3xx_hal.o
 .debug_macro   0x00001132       0x35 Drivers/STM32F3xx_HAL_Driver/Src/stm32f3xx_hal.o
 .debug_macro   0x00001167       0x50 Drivers/STM32F3xx_HAL_Driver/Src/stm32f3xx_hal.o
 .debug_macro   0x000011b7      0xe66 Drivers/STM32F3xx_HAL_Driver/Src/stm32f3xx_hal.o
 .debug_macro   0x0000201d    0x12a2c Drivers/STM32F3xx_HAL_Driver/Src/stm32f3xx_hal.o
 .debug_macro   0x00014a49       0x43 Drivers/STM32F3xx_HAL_Driver/Src/stm32f3xx_hal.o
 .debug_macro   0x00014a8c     0x3439 Drivers/STM32F3xx_HAL_Driver/Src/stm32f3xx_hal.o
 .debug_macro   0x00017ec5       0x52 Drivers/STM32F3xx_HAL_Driver/Src/stm32f3xx_hal.o
 .debug_macro   0x00017f17       0x35 Drivers/STM32F3xx_HAL_Driver/Src/stm32f3xx_hal.o
 .debug_macro   0x00017f4c       0x9c Drivers/STM32F3xx_HAL_Driver/Src/stm32f3xx_hal.o
 .debug_macro   0x00017fe8       0x16 Drivers/STM32F3xx_HAL_Driver/Src/stm32f3xx_hal.o
 .debug_macro   0x00017ffe       0x97 Drivers/STM32F3xx_HAL_Driver/Src/stm32f3xx_hal.o
 .debug_macro   0x00018095      0x30d Drivers/STM32F3xx_HAL_Driver/Src/stm32f3xx_hal.o
 .debug_macro   0x000183a2       0xfd Drivers/STM32F3xx_HAL_Driver/Src/stm32f3xx_hal.o
 .debug_macro   0x0001849f       0x10 Drivers/STM32F3xx_HAL_Driver/Src/stm32f3xx_hal.o
 .debug_macro   0x000184af       0x52 Drivers/STM32F3xx_HAL_Driver/Src/stm32f3xx_hal.o
 .debug_macro   0x00018501       0x1f Drivers/STM32F3xx_HAL_Driver/Src/stm32f3xx_hal.o
 .debug_macro   0x00018520       0x43 Drivers/STM32F3xx_HAL_Driver/Src/stm32f3xx_hal.o
 .debug_macro   0x00018563       0x20 Drivers/STM32F3xx_HAL_Driver/Src/stm32f3xx_hal.o
 .debug_macro   0x00018583      0x187 Drivers/STM32F3xx_HAL_Driver/Src/stm32f3xx_hal.o
 .debug_macro   0x0001870a       0x10 Drivers/STM32F3xx_HAL_Driver/Src/stm32f3xx_hal.o
 .debug_macro   0x0001871a       0x1c Drivers/STM32F3xx_HAL_Driver/Src/stm32f3xx_hal.o
 .debug_macro   0x00018736       0x52 Drivers/STM32F3xx_HAL_Driver/Src/stm32f3xx_hal.o
 .debug_macro   0x00018788       0x40 Drivers/STM32F3xx_HAL_Driver/Src/stm32f3xx_hal.o
 .debug_macro   0x000187c8       0x10 Drivers/STM32F3xx_HAL_Driver/Src/stm32f3xx_hal.o
 .debug_macro   0x000187d8       0x40 Drivers/STM32F3xx_HAL_Driver/Src/stm32f3xx_hal.o
 .debug_macro   0x00018818       0xd7 Drivers/STM32F3xx_HAL_Driver/Src/stm32f3xx_hal.o
 .debug_macro   0x000188ef       0x16 Drivers/STM32F3xx_HAL_Driver/Src/stm32f3xx_hal.o
 .debug_macro   0x00018905      0x18b Drivers/STM32F3xx_HAL_Driver/Src/stm32f3xx_hal.o
 .debug_macro   0x00018a90       0x49 Drivers/STM32F3xx_HAL_Driver/Src/stm32f3xx_hal.o
 .debug_macro   0x00018ad9      0x969 Drivers/STM32F3xx_HAL_Driver/Src/stm32f3xx_hal.o
 .debug_macro   0x00019442      0x5fe Drivers/STM32F3xx_HAL_Driver/Src/stm32f3xx_hal.o
 .debug_macro   0x00019a40      0x13a Drivers/STM32F3xx_HAL_Driver/Src/stm32f3xx_hal.o
 .debug_macro   0x00019b7a      0x1fb Drivers/STM32F3xx_HAL_Driver/Src/stm32f3xx_hal.o
 .debug_macro   0x00019d75      0x1bc Drivers/STM32F3xx_HAL_Driver/Src/stm32f3xx_hal.o
 .debug_macro   0x00019f31       0x31 Drivers/STM32F3xx_HAL_Driver/Src/stm32f3xx_hal.o
 .debug_macro   0x00019f62       0x3c Drivers/STM32F3xx_HAL_Driver/Src/stm32f3xx_hal.o
 .debug_macro   0x00019f9e      0x23a Drivers/STM32F3xx_HAL_Driver/Src/stm32f3xx_hal.o
 .debug_macro   0x0001a1d8       0xcb Drivers/STM32F3xx_HAL_Driver/Src/stm32f3xx_hal.o
 .debug_macro   0x0001a2a3      0x22b Drivers/STM32F3xx_HAL_Driver/Src/stm32f3xx_hal.o
 .debug_macro   0x0001a4ce      0x202 Drivers/STM32F3xx_HAL_Driver/Src/stm32f3xx_hal.o
 .debug_macro   0x0001a6d0       0x5b Drivers/STM32F3xx_HAL_Driver/Src/stm32f3xx_hal.o
 .debug_macro   0x0001a72b       0x90 Drivers/STM32F3xx_HAL_Driver/Src/stm32f3xx_hal.o
 .debug_macro   0x0001a7bb       0x82 Drivers/STM32F3xx_HAL_Driver/Src/stm32f3xx_hal.o
 .debug_macro   0x0001a83d       0xd4 Drivers/STM32F3xx_HAL_Driver/Src/stm32f3xx_hal.o
 .debug_macro   0x0001a911      0x2e9 Drivers/STM32F3xx_HAL_Driver/Src/stm32f3xx_hal.o
 .debug_macro   0x0001abfa      0x26e Drivers/STM32F3xx_HAL_Driver/Src/stm32f3xx_hal.o
 .debug_macro   0x0001ae68      0x2ff Drivers/STM32F3xx_HAL_Driver/Src/stm32f3xx_hal_cortex.o
 .debug_macro   0x0001b167      0x337 Drivers/STM32F3xx_HAL_Driver/Src/stm32f3xx_hal_gpio.o
 .debug_macro   0x0001b49e      0x323 Drivers/STM32F3xx_HAL_Driver/Src/stm32f3xx_hal_rcc.o
 .debug_macro   0x0001b7c1      0x307 Drivers/STM32F3xx_HAL_Driver/Src/stm32f3xx_hal_spi.o
 .debug_macro   0x0001bac8      0x332 Src/main.o
 .debug_macro   0x0001bdfa       0x22 Src/main.o
 .debug_macro   0x0001be1c       0x52 Src/main.o
 .debug_macro   0x0001be6e      0x18c Src/main.o
 .debug_macro   0x0001bffa      0x32a Src/nrf24.o
 .debug_macro   0x0001c324       0xa5 Src/nrf24.o
 .debug_macro   0x0001c3c9       0x4c Src/nrf24.o
 .debug_macro   0x0001c415      0x35b Src/nrf24_app.o
 .debug_macro   0x0001c770       0x4c Src/nrf24_app.o
 .debug_macro   0x0001c7bc       0x8d Src/nrf24_app.o
 .debug_macro   0x0001c849       0x4a Src/nrf24_app.o
 .debug_macro   0x0001c893       0x16 Src/nrf24_app.o
 .debug_macro   0x0001c8a9       0x35 Src/nrf24_app.o
 .debug_macro   0x0001c8de      0x324 Src/nrf24_hal.o
 .debug_macro   0x0001cc02      0x2ff Src/stm32f3xx_hal_msp.o
 .debug_macro   0x0001cf01      0x309 Src/stm32f3xx_it.o
 .debug_macro   0x0001d20a      0x305 Src/system_stm32f3xx.o

.debug_line     0x00000000     0x77b2
 .debug_line    0x00000000      0x908 Drivers/STM32F3xx_HAL_Driver/Src/stm32f3xx_hal.o
 .debug_line    0x00000908      0x9a1 Drivers/STM32F3xx_HAL_Driver/Src/stm32f3xx_hal_cortex.o
 .debug_line    0x000012a9      0x8fb Drivers/STM32F3xx_HAL_Driver/Src/stm32f3xx_hal_gpio.o
 .debug_line    0x00001ba4      0xc71 Drivers/STM32F3xx_HAL_Driver/Src/stm32f3xx_hal_rcc.o
 .debug_line    0x00002815     0x1226 Drivers/STM32F3xx_HAL_Driver/Src/stm32f3xx_hal_spi.o
 .debug_line    0x00003a3b      0x90e Src/main.o
 .debug_line    0x00004349      0xade Src/nrf24.o
 .debug_line    0x00004e27      0x92a Src/nrf24_app.o
 .debug_line    0x00005751      0x7fb Src/nrf24_hal.o
 .debug_line    0x00005f4c      0x7df Src/stm32f3xx_hal_msp.o
 .debug_line    0x0000672b      0x836 Src/stm32f3xx_it.o
 .debug_line    0x00006f61      0x7d2 Src/system_stm32f3xx.o
 .debug_line    0x00007733       0x7f startup/startup_stm32f303xc.o

.debug_str      0x00000000    0xa5c70
 .debug_str     0x00000000    0xa30e1 Drivers/STM32F3xx_HAL_Driver/Src/stm32f3xx_hal.o
                              0xa354b (size before relaxing)
 .debug_str     0x000a30e1      0x3de Drivers/STM32F3xx_HAL_Driver/Src/stm32f3xx_hal_cortex.o
                              0xa366e (size before relaxing)
 .debug_str     0x000a34bf      0x2b9 Drivers/STM32F3xx_HAL_Driver/Src/stm32f3xx_hal_gpio.o
                              0xa3034 (size before relaxing)
 .debug_str     0x000a3778      0x40d Drivers/STM32F3xx_HAL_Driver/Src/stm32f3xx_hal_rcc.o
                              0xa327c (size before relaxing)
 .debug_str     0x000a3b85      0x924 Drivers/STM32F3xx_HAL_Driver/Src/stm32f3xx_hal_spi.o
                              0xa36c7 (size before relaxing)
 .debug_str     0x000a44a9      0xd88 Src/main.o
                              0xa4578 (size before relaxing)
 .debug_str     0x000a5231      0x47b Src/nrf24.o
                              0xa3db0 (size before relaxing)
 .debug_str     0x000a56ac      0x457 Src/nrf24_app.o
                              0xa40a9 (size before relaxing)
 .debug_str     0x000a5b03       0x2c Src/nrf24_hal.o
                              0xa4198 (size before relaxing)
 .debug_str     0x000a5b2f       0x1b Src/stm32f3xx_hal_msp.o
                              0xa363e (size before relaxing)
 .debug_str     0x000a5b4a       0xb8 Src/stm32f3xx_it.o
                              0xa2d7f (size before relaxing)
 .debug_str     0x000a5c02       0x6e Src/system_stm32f3xx.o
                              0xa2e15 (size before relaxing)

.comment        0x00000000       0x6e
 .comment       0x00000000       0x6e Drivers/STM32F3xx_HAL_Driver/Src/stm32f3xx_hal.o
                                 0x6f (size before relaxing)
 .comment       0x0000006e       0x6f Drivers/STM32F3xx_HAL_Driver/Src/stm32f3xx_hal_cortex.o
 .comment       0x0000006e       0x6f Drivers/STM32F3xx_HAL_Driver/Src/stm32f3xx_hal_gpio.o
 .comment       0x0000006e       0x6f Drivers/STM32F3xx_HAL_Driver/Src/stm32f3xx_hal_rcc.o
 .comment       0x0000006e       0x6f Drivers/STM32F3xx_HAL_Driver/Src/stm32f3xx_hal_spi.o
 .comment       0x0000006e       0x6f Src/main.o
 .comment       0x0000006e       0x6f Src/nrf24.o
 .comment       0x0000006e       0x6f Src/nrf24_app.o
 .comment       0x0000006e       0x6f Src/nrf24_hal.o
 .comment       0x0000006e       0x6f Src/stm32f3xx_hal_msp.o
 .comment       0x0000006e       0x6f Src/stm32f3xx_it.o
 .comment       0x0000006e       0x6f Src/system_stm32f3xx.o

.debug_frame    0x00000000     0x1290
 .debug_frame   0x00000000      0x168 Drivers/STM32F3xx_HAL_Driver/Src/stm32f3xx_hal.o
 .debug_frame   0x00000168      0x154 Drivers/STM32F3xx_HAL_Driver/Src/stm32f3xx_hal_cortex.o
 .debug_frame   0x000002bc       0xc4 Drivers/STM32F3xx_HAL_Driver/Src/stm32f3xx_hal_gpio.o
 .debug_frame   0x00000380      0x14c Drivers/STM32F3xx_HAL_Driver/Src/stm32f3xx_hal_rcc.o
 .debug_frame   0x000004cc      0x5a4 Drivers/STM32F3xx_HAL_Driver/Src/stm32f3xx_hal_spi.o
 .debug_frame   0x00000a70       0xe0 Src/main.o
 .debug_frame   0x00000b50      0x3bc Src/nrf24.o
 .debug_frame   0x00000f0c      0x1a8 Src/nrf24_app.o
 .debug_frame   0x000010b4       0x74 Src/nrf24_hal.o
 .debug_frame   0x00001128       0x64 Src/stm32f3xx_hal_msp.o
 .debug_frame   0x0000118c       0xa8 Src/stm32f3xx_it.o
 .debug_frame   0x00001234       0x30 Src/system_stm32f3xx.o
 .debug_frame   0x00001264       0x2c /home/daniel/Ac6/SystemWorkbench/plugins/fr.ac6.mcu.externaltools.arm-none.linux64_1.13.1.201703061524/tools/compiler/bin/../lib/gcc/arm-none-eabi/5.4.1/../../../../arm-none-eabi/lib/armv7e-m/fpu/libc_nano.a(lib_a-init.o)
