Archive member included to satisfy reference by file (symbol)

/home/daniel/Ac6/SystemWorkbench/plugins/fr.ac6.mcu.externaltools.arm-none.linux64_1.13.1.201703061524/tools/compiler/bin/../lib/gcc/arm-none-eabi/5.4.1/../../../../arm-none-eabi/lib/armv7e-m/fpu/libc_nano.a(lib_a-exit.o)
                              /home/daniel/Ac6/SystemWorkbench/plugins/fr.ac6.mcu.externaltools.arm-none.linux64_1.13.1.201703061524/tools/compiler/bin/../lib/gcc/arm-none-eabi/5.4.1/../../../../arm-none-eabi/lib/armv7e-m/fpu/crt0.o (exit)
/home/daniel/Ac6/SystemWorkbench/plugins/fr.ac6.mcu.externaltools.arm-none.linux64_1.13.1.201703061524/tools/compiler/bin/../lib/gcc/arm-none-eabi/5.4.1/../../../../arm-none-eabi/lib/armv7e-m/fpu/libc_nano.a(lib_a-impure.o)
                              /home/daniel/Ac6/SystemWorkbench/plugins/fr.ac6.mcu.externaltools.arm-none.linux64_1.13.1.201703061524/tools/compiler/bin/../lib/gcc/arm-none-eabi/5.4.1/../../../../arm-none-eabi/lib/armv7e-m/fpu/libc_nano.a(lib_a-exit.o) (_global_impure_ptr)
/home/daniel/Ac6/SystemWorkbench/plugins/fr.ac6.mcu.externaltools.arm-none.linux64_1.13.1.201703061524/tools/compiler/bin/../lib/gcc/arm-none-eabi/5.4.1/../../../../arm-none-eabi/lib/armv7e-m/fpu/libc_nano.a(lib_a-init.o)
                              /home/daniel/Ac6/SystemWorkbench/plugins/fr.ac6.mcu.externaltools.arm-none.linux64_1.13.1.201703061524/tools/compiler/bin/../lib/gcc/arm-none-eabi/5.4.1/../../../../arm-none-eabi/lib/armv7e-m/fpu/crt0.o (__libc_init_array)
/home/daniel/Ac6/SystemWorkbench/plugins/fr.ac6.mcu.externaltools.arm-none.linux64_1.13.1.201703061524/tools/compiler/bin/../lib/gcc/arm-none-eabi/5.4.1/../../../../arm-none-eabi/lib/armv7e-m/fpu/libc_nano.a(lib_a-memset.o)
                              /home/daniel/Ac6/SystemWorkbench/plugins/fr.ac6.mcu.externaltools.arm-none.linux64_1.13.1.201703061524/tools/compiler/bin/../lib/gcc/arm-none-eabi/5.4.1/../../../../arm-none-eabi/lib/armv7e-m/fpu/crt0.o (memset)
/home/daniel/Ac6/SystemWorkbench/plugins/fr.ac6.mcu.externaltools.arm-none.linux64_1.13.1.201703061524/tools/compiler/bin/../lib/gcc/arm-none-eabi/5.4.1/../../../../arm-none-eabi/lib/armv7e-m/fpu/libnosys.a(_exit.o)
                              /home/daniel/Ac6/SystemWorkbench/plugins/fr.ac6.mcu.externaltools.arm-none.linux64_1.13.1.201703061524/tools/compiler/bin/../lib/gcc/arm-none-eabi/5.4.1/../../../../arm-none-eabi/lib/armv7e-m/fpu/libc_nano.a(lib_a-exit.o) (_exit)

Allocating common symbols
Common symbol       size              file

hspi2               0x64              Src/main.o
new_data            0x1               Src/main.o
nrf24_client_tx_cbk
                    0x4               Src/nrf24_app.o
nrf24_client_rx_cbk
                    0x4               Src/nrf24_app.o
uwTick              0x4               Drivers/STM32F3xx_HAL_Driver/Src/stm32f3xx_hal.o
pFlash              0x20              Drivers/STM32F3xx_HAL_Driver/Src/stm32f3xx_hal_flash.o
ntf24_scenario      0x1               Src/nrf24_app.o
nrf24_role          0x1               Src/nrf24_app.o

Discarded input sections

 .text          0x00000000        0x0 /home/daniel/Ac6/SystemWorkbench/plugins/fr.ac6.mcu.externaltools.arm-none.linux64_1.13.1.201703061524/tools/compiler/bin/../lib/gcc/arm-none-eabi/5.4.1/armv7e-m/fpu/crti.o
 .data          0x00000000        0x0 /home/daniel/Ac6/SystemWorkbench/plugins/fr.ac6.mcu.externaltools.arm-none.linux64_1.13.1.201703061524/tools/compiler/bin/../lib/gcc/arm-none-eabi/5.4.1/armv7e-m/fpu/crti.o
 .bss           0x00000000        0x0 /home/daniel/Ac6/SystemWorkbench/plugins/fr.ac6.mcu.externaltools.arm-none.linux64_1.13.1.201703061524/tools/compiler/bin/../lib/gcc/arm-none-eabi/5.4.1/armv7e-m/fpu/crti.o
 .data          0x00000000        0x4 /home/daniel/Ac6/SystemWorkbench/plugins/fr.ac6.mcu.externaltools.arm-none.linux64_1.13.1.201703061524/tools/compiler/bin/../lib/gcc/arm-none-eabi/5.4.1/armv7e-m/fpu/crtbegin.o
 .text          0x00000000       0x74 /home/daniel/Ac6/SystemWorkbench/plugins/fr.ac6.mcu.externaltools.arm-none.linux64_1.13.1.201703061524/tools/compiler/bin/../lib/gcc/arm-none-eabi/5.4.1/../../../../arm-none-eabi/lib/armv7e-m/fpu/crt0.o
 .data          0x00000000        0x0 /home/daniel/Ac6/SystemWorkbench/plugins/fr.ac6.mcu.externaltools.arm-none.linux64_1.13.1.201703061524/tools/compiler/bin/../lib/gcc/arm-none-eabi/5.4.1/../../../../arm-none-eabi/lib/armv7e-m/fpu/crt0.o
 .bss           0x00000000        0x0 /home/daniel/Ac6/SystemWorkbench/plugins/fr.ac6.mcu.externaltools.arm-none.linux64_1.13.1.201703061524/tools/compiler/bin/../lib/gcc/arm-none-eabi/5.4.1/../../../../arm-none-eabi/lib/armv7e-m/fpu/crt0.o
 .ARM.extab     0x00000000        0x0 /home/daniel/Ac6/SystemWorkbench/plugins/fr.ac6.mcu.externaltools.arm-none.linux64_1.13.1.201703061524/tools/compiler/bin/../lib/gcc/arm-none-eabi/5.4.1/../../../../arm-none-eabi/lib/armv7e-m/fpu/crt0.o
[...]
Memory Configuration

Name             Origin             Length             Attributes
RAM              0x20000000         0x0000a000         xrw
CCMRAM           0x10000000         0x00002000         rw
FLASH            0x08000000         0x00040000         xr
*default*        0x00000000         0xffffffff

Linker script and memory map

LOAD /home/daniel/Ac6/SystemWorkbench/plugins/fr.ac6.mcu.externaltools.arm-none.linux64_1.13.1.201703061524/tools/compiler/bin/../lib/gcc/arm-none-eabi/5.4.1/armv7e-m/fpu/crti.o
LOAD /home/daniel/Ac6/SystemWorkbench/plugins/fr.ac6.mcu.externaltools.arm-none.linux64_1.13.1.201703061524/tools/compiler/bin/../lib/gcc/arm-none-eabi/5.4.1/armv7e-m/fpu/crtbegin.o
LOAD /home/daniel/Ac6/SystemWorkbench/plugins/fr.ac6.mcu.externaltools.arm-none.linux64_1.13.1.201703061524/tools/compiler/bin/../lib/gcc/arm-none-eabi/5.4.1/../../../../arm-none-eabi/lib/armv7e-m/fpu/crt0.o
LOAD /home/daniel/Ac6/SystemWorkbench/plugins/fr.ac6.mcu.externaltools.arm-none.linux64_1.13.1.201703061524/tools/compiler/bin/../lib/gcc/arm-none-eabi/5.4.1/../../../../arm-none-eabi/lib/armv7e-m/fpu/libm.a
LOAD Drivers/STM32F3xx_HAL_Driver/Src/stm32f3xx_hal.o
LOAD Drivers/STM32F3xx_HAL_Driver/Src/stm32f3xx_hal_cortex.o
LOAD Drivers/STM32F3xx_HAL_Driver/Src/stm32f3xx_hal_dma.o
LOAD Drivers/STM32F3xx_HAL_Driver/Src/stm32f3xx_hal_flash.o
LOAD Drivers/STM32F3xx_HAL_Driver/Src/stm32f3xx_hal_flash_ex.o
LOAD Drivers/STM32F3xx_HAL_Driver/Src/stm32f3xx_hal_gpio.o
LOAD Drivers/STM32F3xx_HAL_Driver/Src/stm32f3xx_hal_i2c.o
LOAD Drivers/STM32F3xx_HAL_Driver/Src/stm32f3xx_hal_i2c_ex.o
LOAD Drivers/STM32F3xx_HAL_Driver/Src/stm32f3xx_hal_pwr.o
LOAD Drivers/STM32F3xx_HAL_Driver/Src/stm32f3xx_hal_pwr_ex.o
LOAD Drivers/STM32F3xx_HAL_Driver/Src/stm32f3xx_hal_rcc.o
LOAD Drivers/STM32F3xx_HAL_Driver/Src/stm32f3xx_hal_rcc_ex.o
LOAD Drivers/STM32F3xx_HAL_Driver/Src/stm32f3xx_hal_spi.o
LOAD Drivers/STM32F3xx_HAL_Driver/Src/stm32f3xx_hal_spi_ex.o
LOAD Drivers/STM32F3xx_HAL_Driver/Src/stm32f3xx_hal_tim.o
LOAD Drivers/STM32F3xx_HAL_Driver/Src/stm32f3xx_hal_tim_ex.o
LOAD Src/main.o
LOAD Src/nrf24.o
LOAD Src/nrf24_app.o
LOAD Src/nrf24_hal.o
LOAD Src/stm32f3xx_hal_msp.o
LOAD Src/stm32f3xx_it.o
LOAD Src/system_stm32f3xx.o
LOAD startup/startup_stm32f303xc.o
START GROUP
LOAD /home/daniel/Ac6/SystemWorkbench/plugins/fr.ac6.mcu.externaltools.arm-none.linux64_1.13.1.201703061524/tools/compiler/bin/../lib/gcc/arm-none-eabi/5.4.1/armv7e-m/fpu/libgcc.a
LOAD /home/daniel/Ac6/SystemWorkbench/plugins/fr.ac6.mcu.externaltools.arm-none.linux64_1.13.1.201703061524/tools/compiler/bin/../lib/gcc/arm-none-eabi/5.4.1/../../../../arm-none-eabi/lib/armv7e-m/fpu/libc_nano.a
END GROUP
START GROUP
LOAD /home/daniel/Ac6/SystemWorkbench/plugins/fr.ac6.mcu.externaltools.arm-none.linux64_1.13.1.201703061524/tools/compiler/bin/../lib/gcc/arm-none-eabi/5.4.1/armv7e-m/fpu/libgcc.a
LOAD /home/daniel/Ac6/SystemWorkbench/plugins/fr.ac6.mcu.externaltools.arm-none.linux64_1.13.1.201703061524/tools/compiler/bin/../lib/gcc/arm-none-eabi/5.4.1/../../../../arm-none-eabi/lib/armv7e-m/fpu/libc_nano.a
LOAD /home/daniel/Ac6/SystemWorkbench/plugins/fr.ac6.mcu.externaltools.arm-none.linux64_1.13.1.201703061524/tools/compiler/bin/../lib/gcc/arm-none-eabi/5.4.1/../../../../arm-none-eabi/lib/armv7e-m/fpu/libnosys.a
END GROUP
START GROUP
LOAD /home/daniel/Ac6/SystemWorkbench/plugins/fr.ac6.mcu.externaltools.arm-none.linux64_1.13.1.201703061524/tools/compiler/bin/../lib/gcc/arm-none-eabi/5.4.1/armv7e-m/fpu/libgcc.a
LOAD /home/daniel/Ac6/SystemWorkbench/plugins/fr.ac6.mcu.externaltools.arm-none.linux64_1.13.1.201703061524/tools/compiler/bin/../lib/gcc/arm-none-eabi/5.4.1/../../../../arm-none-eabi/lib/armv7e-m/fpu/libc_nano.a
LOAD /home/daniel/Ac6/SystemWorkbench/plugins/fr.ac6.mcu.externaltools.arm-none.linux64_1.13.1.201703061524/tools/compiler/bin/../lib/gcc/arm-none-eabi/5.4.1/../../../../arm-none-eabi/lib/armv7e-m/fpu/libnosys.a
END GROUP
LOAD /home/daniel/Ac6/SystemWorkbench/plugins/fr.ac6.mcu.externaltools.arm-none.linux64_1.13.1.201703061524/tools/compiler/bin/../lib/gcc/arm-none-eabi/5.4.1/armv7e-m/fpu/crtend.o
LOAD /home/daniel/Ac6/SystemWorkbench/plugins/fr.ac6.mcu.externaltools.arm-none.linux64_1.13.1.201703061524/tools/compiler/bin/../lib/gcc/arm-none-eabi/5.4.1/armv7e-m/fpu/crtn.o
                0x2000a000                _estack = 0x2000a000
                0x00000200                _Min_Heap_Size = 0x200
                0x00000400                _Min_Stack_Size = 0x400

.isr_vector     0x08000000      0x188
                0x08000000                . = ALIGN (0x4)
 *(.isr_vector)
 .isr_vector    0x08000000      0x188 startup/startup_stm32f303xc.o
                0x08000000                g_pfnVectors
                0x08000188                . = ALIGN (0x4)

.text           0x08000188     0x1cc4
                0x08000188                . = ALIGN (0x4)
 *(.text)
 .text          0x08000188       0x5c /home/daniel/Ac6/SystemWorkbench/plugins/fr.ac6.mcu.externaltools.arm-none.linux64_1.13.1.201703061524/tools/compiler/bin/../lib/gcc/arm-none-eabi/5.4.1/armv7e-m/fpu/crtbegin.o
 *(.text*)
 .text.HAL_InitTick
                0x080001e4       0x2c Drivers/STM32F3xx_HAL_Driver/Src/stm32f3xx_hal.o
                0x080001e4                HAL_InitTick
 .text.HAL_Init
                0x08000210       0x24 Drivers/STM32F3xx_HAL_Driver/Src/stm32f3xx_hal.o
                0x08000210                HAL_Init
 .text.HAL_IncTick
                0x08000234       0x10 Drivers/STM32F3xx_HAL_Driver/Src/stm32f3xx_hal.o
                0x08000234                HAL_IncTick
 .text.HAL_GetTick
                0x08000244        0xc Drivers/STM32F3xx_HAL_Driver/Src/stm32f3xx_hal.o
                0x08000244                HAL_GetTick
 .text.HAL_NVIC_SetPriorityGrouping
                0x08000250       0x24 Drivers/STM32F3xx_HAL_Driver/Src/stm32f3xx_hal_cortex.o
                0x08000250                HAL_NVIC_SetPriorityGrouping
 .text.HAL_NVIC_SetPriority
                0x08000274       0x64 Drivers/STM32F3xx_HAL_Driver/Src/stm32f3xx_hal_cortex.o
                0x08000274                HAL_NVIC_SetPriority
 .text.HAL_NVIC_EnableIRQ
                0x080002d8       0x18 Drivers/STM32F3xx_HAL_Driver/Src/stm32f3xx_hal_cortex.o
                0x080002d8                HAL_NVIC_EnableIRQ
 .text.HAL_NVIC_DisableIRQ
                0x080002f0       0x1c Drivers/STM32F3xx_HAL_Driver/Src/stm32f3xx_hal_cortex.o
                0x080002f0                HAL_NVIC_DisableIRQ
 .text.HAL_SYSTICK_Config
                0x0800030c       0x2c Drivers/STM32F3xx_HAL_Driver/Src/stm32f3xx_hal_cortex.o
                0x0800030c                HAL_SYSTICK_Config
 .text.HAL_SYSTICK_CLKSourceConfig
                0x08000338       0x20 Drivers/STM32F3xx_HAL_Driver/Src/stm32f3xx_hal_cortex.o
                0x08000338                HAL_SYSTICK_CLKSourceConfig
 .text.HAL_SYSTICK_Callback
                0x08000358        0x4 Drivers/STM32F3xx_HAL_Driver/Src/stm32f3xx_hal_cortex.o
                0x08000358                HAL_SYSTICK_Callback
 .text.HAL_SYSTICK_IRQHandler
                0x0800035c        0x8 Drivers/STM32F3xx_HAL_Driver/Src/stm32f3xx_hal_cortex.o
                0x0800035c                HAL_SYSTICK_IRQHandler
 .text.HAL_GPIO_Init
                0x08000364      0x194 Drivers/STM32F3xx_HAL_Driver/Src/stm32f3xx_hal_gpio.o
                0x08000364                HAL_GPIO_Init
 .text.HAL_GPIO_WritePin
                0x080004f8        0xc Drivers/STM32F3xx_HAL_Driver/Src/stm32f3xx_hal_gpio.o
                0x080004f8                HAL_GPIO_WritePin
 .text.HAL_GPIO_TogglePin
                0x08000504        0x8 Drivers/STM32F3xx_HAL_Driver/Src/stm32f3xx_hal_gpio.o
                0x08000504                HAL_GPIO_TogglePin
 .text.HAL_RCC_OscConfig
                0x0800050c      0x620 Drivers/STM32F3xx_HAL_Driver/Src/stm32f3xx_hal_rcc.o
                0x0800050c                HAL_RCC_OscConfig
 .text.HAL_RCC_GetSysClockFreq
                0x08000b2c       0x74 Drivers/STM32F3xx_HAL_Driver/Src/stm32f3xx_hal_rcc.o
                0x08000b2c                HAL_RCC_GetSysClockFreq
 .text.HAL_RCC_ClockConfig
                0x08000ba0      0x1e4 Drivers/STM32F3xx_HAL_Driver/Src/stm32f3xx_hal_rcc.o
                0x08000ba0                HAL_RCC_ClockConfig
 .text.HAL_RCC_GetHCLKFreq
                0x08000d84        0xc Drivers/STM32F3xx_HAL_Driver/Src/stm32f3xx_hal_rcc.o
                0x08000d84                HAL_RCC_GetHCLKFreq
 .text.SPI_WaitFifoStateUntilTimeout
                0x08000d90       0x9c Drivers/STM32F3xx_HAL_Driver/Src/stm32f3xx_hal_spi.o
 .text.SPI_WaitFlagStateUntilTimeout
                0x08000e2c       0x90 Drivers/STM32F3xx_HAL_Driver/Src/stm32f3xx_hal_spi.o
 .text.SPI_EndRxTxTransaction
                0x08000ebc       0x48 Drivers/STM32F3xx_HAL_Driver/Src/stm32f3xx_hal_spi.o
 .text.HAL_SPI_Init
                0x08000f04       0xbc Drivers/STM32F3xx_HAL_Driver/Src/stm32f3xx_hal_spi.o
                0x08000f04                HAL_SPI_Init
 .text.HAL_SPI_TransmitReceive
                0x08000fc0      0x2cc Drivers/STM32F3xx_HAL_Driver/Src/stm32f3xx_hal_spi.o
                0x08000fc0                HAL_SPI_TransmitReceive
 .text.rx_cbk_func
                0x0800128c        0x4 Src/main.o
                0x0800128c                rx_cbk_func
 .text.tx_cbk_func
                0x08001290       0x44 Src/main.o
                0x08001290                tx_cbk_func
 .text.MX_GPIO_Init
                0x080012d4       0xac Src/main.o
 .text._Error_Handler
                0x08001380        0x4 Src/main.o
                0x08001380                _Error_Handler
 .text.MX_SPI2_Init
                0x08001384       0x54 Src/main.o
 .text.SystemClock_Config
                0x080013d8       0x74 Src/main.o
                0x080013d8                SystemClock_Config
 .text.main     0x0800144c       0x80 Src/main.o
                0x0800144c                main
 .text.nRF24_WriteReg
                0x080014cc       0x58 Src/nrf24.o
 .text.nRF24_WriteMBReg
                0x08001524       0x44 Src/nrf24.o
 .text.nRF24_ReadMBReg
                0x08001568       0x44 Src/nrf24.o
 .text.nRF24_ReadReg
                0x080015ac       0x38 Src/nrf24.o
 .text.nRF24_SetPowerMode
                0x080015e4       0x24 Src/nrf24.o
                0x080015e4                nRF24_SetPowerMode
 .text.nRF24_SetOperationalMode
                0x08001608       0x1c Src/nrf24.o
                0x08001608                nRF24_SetOperationalMode
 .text.nRF24_SetCRCScheme
                0x08001624       0x20 Src/nrf24.o
                0x08001624                nRF24_SetCRCScheme
 .text.nRF24_SetRFChannel
                0x08001644        0xc Src/nrf24.o
                0x08001644                nRF24_SetRFChannel
 .text.nRF24_SetAutoRetr
                0x08001650       0x14 Src/nrf24.o
                0x08001650                nRF24_SetAutoRetr
 .text.nRF24_SetAddrWidth
                0x08001664       0x10 Src/nrf24.o
                0x08001664                nRF24_SetAddrWidth
 .text.nRF24_SetAddr
                0x08001674       0x74 Src/nrf24.o
                0x08001674                nRF24_SetAddr
 .text.nRF24_SetTXPower
                0x080016e8       0x18 Src/nrf24.o
                0x080016e8                nRF24_SetTXPower
 .text.nRF24_SetDataRate
                0x08001700       0x18 Src/nrf24.o
                0x08001700                nRF24_SetDataRate
 .text.nRF24_SetRXPipe
                0x08001718       0x5c Src/nrf24.o
                0x08001718                nRF24_SetRXPipe
 .text.nRF24_EnableAA
                0x08001774       0x20 Src/nrf24.o
                0x08001774                nRF24_EnableAA
 .text.nRF24_SetFeatureReg
                0x08001794       0x18 Src/nrf24.o
                0x08001794                nRF24_SetFeatureReg
 .text.nRF24_GetStatus
                0x080017ac        0xc Src/nrf24.o
                0x080017ac                nRF24_GetStatus
 .text.nRF24_GetStatus_RXFIFO
                0x080017b8       0x10 Src/nrf24.o
                0x080017b8                nRF24_GetStatus_RXFIFO
 .text.nRF24_ResetPLOS
                0x080017c8       0x14 Src/nrf24.o
                0x080017c8                nRF24_ResetPLOS
 .text.nRF24_FlushTX
                0x080017dc        0xc Src/nrf24.o
                0x080017dc                nRF24_FlushTX
 .text.nRF24_FlushRX
                0x080017e8        0xc Src/nrf24.o
                0x080017e8                nRF24_FlushRX
 .text.nRF24_ClearIRQFlags
                0x080017f4       0x18 Src/nrf24.o
                0x080017f4                nRF24_ClearIRQFlags
 .text.nRF24_Init
                0x0800180c       0xa8 Src/nrf24.o
                0x0800180c                nRF24_Init
 .text.nRF24_WritePayload
                0x080018b4       0x10 Src/nrf24.o
                0x080018b4                nRF24_WritePayload
 .text.nRF24_ReadRxFifoPayload
                0x080018c4       0x10 Src/nrf24.o
                0x080018c4                nRF24_ReadRxFifoPayload
 .text.nRF24_ReadPipePayload
                0x080018d4       0x24 Src/nrf24.o
                0x080018d4                nRF24_ReadPipePayload
 .text.nRF24_WriteAckPayload
                0x080018f8       0x10 Src/nrf24.o
                0x080018f8                nRF24_WriteAckPayload
 .text.nRF24_Interrupt
                0x08001908       0x60 Src/nrf24.o
                0x08001908                nRF24_Interrupt
 .text.all_all_tx_int
                0x08001968       0x14 Src/nrf24_app.o
 .text.unidirack_ptx_rx_int
                0x0800197c        0x4 Src/nrf24_app.o
 .text.all_all_pre_common_cfg
                0x08001980       0x2c Src/nrf24_app.o
 .text.bidirack_all_pre_common_cfg
                0x080019ac       0x10 Src/nrf24_app.o
 .text.unidirack_all_pre_common_cfg
                0x080019bc       0x10 Src/nrf24_app.o
 .text.bidirack_prx_rx_int
                0x080019cc       0x50 Src/nrf24_app.o
 .text.unidirack_prx_rx_int
                0x08001a1c       0x44 Src/nrf24_app.o
 .text.bidirack_ptx_rx_int
                0x08001a60       0x3c Src/nrf24_app.o
 .text.all_all_post_common_cfg
                0x08001a9c       0x24 Src/nrf24_app.o
 .text.all_prx_cfg
                0x08001ac0       0x20 Src/nrf24_app.o
 .text.all_ptx_cfg
                0x08001ae0       0x28 Src/nrf24_app.o
 .text.nrf24_app_tx_data_cbk
                0x08001b08       0x1c Src/nrf24_app.o
                0x08001b08                nrf24_app_tx_data_cbk
 .text.nrf24_app_rx_data_cbk
                0x08001b24       0x1c Src/nrf24_app.o
                0x08001b24                nrf24_app_rx_data_cbk
 .text.nrf24_app_tx_data
                0x08001b40       0x30 Src/nrf24_app.o
                0x08001b40                nrf24_app_tx_data
 .text.nrf24_app_init
                0x08001b70       0x48 Src/nrf24_app.o
                0x08001b70                nrf24_app_init
 .text.EXTI1_IRQHandler
                0x08001bb8       0x14 Src/nrf24_hal.o
                0x08001bb8                EXTI1_IRQHandler
 .text.nRF24_GPIO_Interrupt_Set
                0x08001bcc       0x14 Src/nrf24_hal.o
                0x08001bcc                nRF24_GPIO_Interrupt_Set
 .text.nRF24_GPIO_Init
                0x08001be0       0x24 Src/nrf24_hal.o
                0x08001be0                nRF24_GPIO_Init
 .text.nRF24_LL_RW
                0x08001c04       0x30 Src/nrf24_hal.o
                0x08001c04                nRF24_LL_RW
 .text.HAL_MspInit
                0x08001c34       0x7c Src/stm32f3xx_hal_msp.o
                0x08001c34                HAL_MspInit
 .text.HAL_SPI_MspInit
                0x08001cb0       0x50 Src/stm32f3xx_hal_msp.o
                0x08001cb0                HAL_SPI_MspInit
 .text.NMI_Handler
                0x08001d00        0x4 Src/stm32f3xx_it.o
                0x08001d00                NMI_Handler
 .text.HardFault_Handler
                0x08001d04        0x4 Src/stm32f3xx_it.o
                0x08001d04                HardFault_Handler
 .text.MemManage_Handler
                0x08001d08        0x4 Src/stm32f3xx_it.o
                0x08001d08                MemManage_Handler
 .text.BusFault_Handler
                0x08001d0c        0x4 Src/stm32f3xx_it.o
                0x08001d0c                BusFault_Handler
 .text.UsageFault_Handler
                0x08001d10        0x4 Src/stm32f3xx_it.o
                0x08001d10                UsageFault_Handler
 .text.SVC_Handler
                0x08001d14        0x4 Src/stm32f3xx_it.o
                0x08001d14                SVC_Handler
 .text.DebugMon_Handler
                0x08001d18        0x4 Src/stm32f3xx_it.o
                0x08001d18                DebugMon_Handler
 .text.PendSV_Handler
                0x08001d1c        0x4 Src/stm32f3xx_it.o
                0x08001d1c                PendSV_Handler
 .text.SysTick_Handler
                0x08001d20        0xc Src/stm32f3xx_it.o
                0x08001d20                SysTick_Handler
 .text.SystemInit
                0x08001d2c       0x68 Src/system_stm32f3xx.o
                0x08001d2c                SystemInit
 .text.Reset_Handler
                0x08001d94       0x50 startup/startup_stm32f303xc.o
                0x08001d94                Reset_Handler
 .text.Default_Handler
                0x08001de4        0x2 startup/startup_stm32f303xc.o
                0x08001de4                RTC_Alarm_IRQHandler
                0x08001de4                TIM8_TRG_COM_IRQHandler
                0x08001de4                TIM8_CC_IRQHandler
                0x08001de4                TIM1_CC_IRQHandler
                0x08001de4                USB_HP_IRQHandler
                0x08001de4                PVD_IRQHandler
                0x08001de4                TAMP_STAMP_IRQHandler
                0x08001de4                EXTI3_IRQHandler
                0x08001de4                USB_HP_CAN_TX_IRQHandler
                0x08001de4                EXTI0_IRQHandler
                0x08001de4                I2C2_EV_IRQHandler
                0x08001de4                FPU_IRQHandler
                0x08001de4                TIM1_UP_TIM16_IRQHandler
                0x08001de4                ADC1_2_IRQHandler
                0x08001de4                SPI1_IRQHandler
                0x08001de4                CAN_SCE_IRQHandler
                0x08001de4                TIM6_DAC_IRQHandler
                0x08001de4                TIM8_UP_IRQHandler
                0x08001de4                DMA2_Channel2_IRQHandler
                0x08001de4                DMA1_Channel4_IRQHandler
                0x08001de4                USART3_IRQHandler
                0x08001de4                DMA1_Channel7_IRQHandler
                0x08001de4                UART5_IRQHandler
                0x08001de4                ADC3_IRQHandler
                0x08001de4                TIM4_IRQHandler
                0x08001de4                CAN_RX1_IRQHandler
                0x08001de4                DMA2_Channel1_IRQHandler
                0x08001de4                I2C1_EV_IRQHandler
                0x08001de4                DMA1_Channel6_IRQHandler
                0x08001de4                UART4_IRQHandler
                0x08001de4                DMA2_Channel4_IRQHandler
                0x08001de4                TIM3_IRQHandler
                0x08001de4                RCC_IRQHandler
                0x08001de4                DMA1_Channel1_IRQHandler
                0x08001de4                Default_Handler
                0x08001de4                USBWakeUp_RMP_IRQHandler
                0x08001de4                EXTI15_10_IRQHandler
                0x08001de4                TIM7_IRQHandler
                0x08001de4                EXTI9_5_IRQHandler
                0x08001de4                RTC_WKUP_IRQHandler
                0x08001de4                SPI2_IRQHandler
                0x08001de4                USB_LP_CAN_RX0_IRQHandler
                0x08001de4                DMA2_Channel5_IRQHandler
                0x08001de4                DMA1_Channel5_IRQHandler
                0x08001de4                USB_LP_IRQHandler
                0x08001de4                EXTI4_IRQHandler
                0x08001de4                TIM1_TRG_COM_TIM17_IRQHandler
                0x08001de4                DMA1_Channel3_IRQHandler
                0x08001de4                ADC4_IRQHandler
                0x08001de4                WWDG_IRQHandler
                0x08001de4                TIM2_IRQHandler
                0x08001de4                COMP7_IRQHandler
                0x08001de4                COMP1_2_3_IRQHandler
                0x08001de4                USART2_IRQHandler
                0x08001de4                COMP4_5_6_IRQHandler
                0x08001de4                I2C2_ER_IRQHandler
                0x08001de4                DMA1_Channel2_IRQHandler
                0x08001de4                TIM8_BRK_IRQHandler
                0x08001de4                FLASH_IRQHandler
                0x08001de4                USART1_IRQHandler
                0x08001de4                SPI3_IRQHandler
                0x08001de4                I2C1_ER_IRQHandler
                0x08001de4                USBWakeUp_IRQHandler
                0x08001de4                DMA2_Channel3_IRQHandler
                0x08001de4                EXTI2_TSC_IRQHandler
                0x08001de4                TIM1_BRK_TIM15_IRQHandler
 *fill*         0x08001de6        0x2 
 .text.__libc_init_array
                0x08001de8       0x4c /home/daniel/Ac6/SystemWorkbench/plugins/fr.ac6.mcu.externaltools.arm-none.linux64_1.13.1.201703061524/tools/compiler/bin/../lib/gcc/arm-none-eabi/5.4.1/../../../../arm-none-eabi/lib/armv7e-m/fpu/libc_nano.a(lib_a-init.o)
                0x08001de8                __libc_init_array
 *(.glue_7)
 .glue_7        0x08001e34        0x0 linker stubs
 *(.glue_7t)
 .glue_7t       0x08001e34        0x0 linker stubs
 *(.eh_frame)
 .eh_frame      0x08001e34        0x0 /home/daniel/Ac6/SystemWorkbench/plugins/fr.ac6.mcu.externaltools.arm-none.linux64_1.13.1.201703061524/tools/compiler/bin/../lib/gcc/arm-none-eabi/5.4.1/armv7e-m/fpu/crtbegin.o
 *(.init)
 .init          0x08001e34        0x4 /home/daniel/Ac6/SystemWorkbench/plugins/fr.ac6.mcu.externaltools.arm-none.linux64_1.13.1.201703061524/tools/compiler/bin/../lib/gcc/arm-none-eabi/5.4.1/armv7e-m/fpu/crti.o
                0x08001e34                _init
 .init          0x08001e38        0x8 /home/daniel/Ac6/SystemWorkbench/plugins/fr.ac6.mcu.externaltools.arm-none.linux64_1.13.1.201703061524/tools/compiler/bin/../lib/gcc/arm-none-eabi/5.4.1/armv7e-m/fpu/crtn.o
 *(.fini)
 .fini          0x08001e40        0x4 /home/daniel/Ac6/SystemWorkbench/plugins/fr.ac6.mcu.externaltools.arm-none.linux64_1.13.1.201703061524/tools/compiler/bin/../lib/gcc/arm-none-eabi/5.4.1/armv7e-m/fpu/crti.o
                0x08001e40                _fini
 .fini          0x08001e44        0x8 /home/daniel/Ac6/SystemWorkbench/plugins/fr.ac6.mcu.externaltools.arm-none.linux64_1.13.1.201703061524/tools/compiler/bin/../lib/gcc/arm-none-eabi/5.4.1/armv7e-m/fpu/crtn.o
                0x08001e4c                . = ALIGN (0x4)
                0x08001e4c                _etext = .

.vfp11_veneer   0x08001e4c        0x0
 .vfp11_veneer  0x08001e4c        0x0 linker stubs

.v4_bx          0x08001e4c        0x0
 .v4_bx         0x08001e4c        0x0 linker stubs

.iplt           0x08001e4c        0x0
 .iplt          0x08001e4c        0x0 /home/daniel/Ac6/SystemWorkbench/plugins/fr.ac6.mcu.externaltools.arm-none.linux64_1.13.1.201703061524/tools/compiler/bin/../lib/gcc/arm-none-eabi/5.4.1/armv7e-m/fpu/crtbegin.o

.rodata         0x08001e4c       0x7c
                0x08001e4c                . = ALIGN (0x4)
 *(.rodata)
 .rodata        0x08001e4c       0x20 Drivers/STM32F3xx_HAL_Driver/Src/stm32f3xx_hal_rcc.o
                0x08001e4c                aPLLMULFactorTable
                0x08001e5c                aPredivFactorTable
 .rodata        0x08001e6c       0x20 Src/main.o
 .rodata        0x08001e8c        0xe Src/nrf24.o
 *fill*         0x08001e9a        0x2 
 .rodata        0x08001e9c        0x4 Src/nrf24_app.o
                0x08001e9f                MAX_PAYLOAD_LEN
 .rodata        0x08001ea0       0x18 Src/system_stm32f3xx.o
                0x08001ea0                AHBPrescTable
                0x08001eb0                APBPrescTable
 *(.rodata*)
 .rodata.str1.4
                0x08001eb8       0x10 Src/main.o
                                  0xe (size before relaxing)
                0x08001ec8                . = ALIGN (0x4)

.rel.dyn        0x08001ec8        0x0
 .rel.iplt      0x08001ec8        0x0 /home/daniel/Ac6/SystemWorkbench/plugins/fr.ac6.mcu.externaltools.arm-none.linux64_1.13.1.201703061524/tools/compiler/bin/../lib/gcc/arm-none-eabi/5.4.1/armv7e-m/fpu/crtbegin.o

.ARM.extab
 *(.ARM.extab* .gnu.linkonce.armextab.*)

.ARM            0x08001ec8        0x0
                0x08001ec8                __exidx_start = .
 *(.ARM.exidx*)
                0x08001ec8                __exidx_end = .

.preinit_array  0x08001ec8        0x0
                0x08001ec8                PROVIDE (__preinit_array_start, .)
 *(.preinit_array*)
                0x08001ec8                PROVIDE (__preinit_array_end, .)

.init_array     0x08001ec8        0x4
                0x08001ec8                PROVIDE (__init_array_start, .)
 *(SORT(.init_array.*))
 *(.init_array*)
 .init_array    0x08001ec8        0x4 /home/daniel/Ac6/SystemWorkbench/plugins/fr.ac6.mcu.externaltools.arm-none.linux64_1.13.1.201703061524/tools/compiler/bin/../lib/gcc/arm-none-eabi/5.4.1/armv7e-m/fpu/crtbegin.o
                0x08001ecc                PROVIDE (__init_array_end, .)

.fini_array     0x08001ecc        0x4
                [!provide]                PROVIDE (__fini_array_start, .)
 *(SORT(.fini_array.*))
 *(.fini_array*)
 .fini_array    0x08001ecc        0x4 /home/daniel/Ac6/SystemWorkbench/plugins/fr.ac6.mcu.externaltools.arm-none.linux64_1.13.1.201703061524/tools/compiler/bin/../lib/gcc/arm-none-eabi/5.4.1/armv7e-m/fpu/crtbegin.o
                [!provide]                PROVIDE (__fini_array_end, .)
                0x08001ed0                _sidata = LOADADDR (.data)

.data           0x20000000       0x5c load address 0x08001ed0
                0x20000000                . = ALIGN (0x4)
                0x20000000                _sdata = .
 *(.data)
 .data          0x20000000       0x58 Src/nrf24_app.o
 .data          0x20000058        0x4 Src/system_stm32f3xx.o
                0x20000058                SystemCoreClock
 *(.data*)
                0x2000005c                . = ALIGN (0x4)
                0x2000005c                _edata = .
                0x08001f2c                _siccmram = LOADADDR (.ccmram)

.jcr            0x2000005c        0x0 load address 0x08001f2c
 .jcr           0x2000005c        0x0 /home/daniel/Ac6/SystemWorkbench/plugins/fr.ac6.mcu.externaltools.arm-none.linux64_1.13.1.201703061524/tools/compiler/bin/../lib/gcc/arm-none-eabi/5.4.1/armv7e-m/fpu/crtbegin.o

.igot.plt       0x2000005c        0x0 load address 0x08001f2c
 .igot.plt      0x2000005c        0x0 /home/daniel/Ac6/SystemWorkbench/plugins/fr.ac6.mcu.externaltools.arm-none.linux64_1.13.1.201703061524/tools/compiler/bin/../lib/gcc/arm-none-eabi/5.4.1/armv7e-m/fpu/crtbegin.o

.ccmram         0x10000000        0x0 load address 0x08001f2c
                0x10000000                . = ALIGN (0x4)
                0x10000000                _sccmram = .
 *(.ccmram)
 *(.ccmram*)
                0x10000000                . = ALIGN (0x4)
                0x10000000                _eccmram = .
                0x10000000                . = ALIGN (0x4)

.bss            0x2000005c       0x8c
                0x2000005c                _sbss = .
                0x2000005c                __bss_start__ = _sbss
 *(.bss)
 .bss           0x2000005c       0x1c /home/daniel/Ac6/SystemWorkbench/plugins/fr.ac6.mcu.externaltools.arm-none.linux64_1.13.1.201703061524/tools/compiler/bin/../lib/gcc/arm-none-eabi/5.4.1/armv7e-m/fpu/crtbegin.o
 .bss           0x20000078        0x4 Src/nrf24_app.o
 *(.bss*)
 *(COMMON)
 COMMON         0x2000007c        0x4 Drivers/STM32F3xx_HAL_Driver/Src/stm32f3xx_hal.o
                0x2000007c                uwTick
 COMMON         0x20000080       0x65 Src/main.o
                0x20000080                hspi2
                0x200000e4                new_data
                0x200000e8                . = ALIGN (0x4)
 *fill*         0x200000e5        0x3 
                0x200000e8                _ebss = .
                0x200000e8                __bss_end__ = _ebss

._user_heap_stack
                0x200000e8      0x600
                0x200000e8                . = ALIGN (0x8)
                [!provide]                PROVIDE (end, .)
                [!provide]                PROVIDE (_end, .)
                0x200002e8                . = (. + _Min_Heap_Size)
 *fill*         0x200000e8      0x200 
                0x200006e8                . = (. + _Min_Stack_Size)
 *fill*         0x200002e8      0x400 
                0x200006e8                . = ALIGN (0x8)

/DISCARD/
 libc.a(*)
 libm.a(*)
 libgcc.a(*)

.ARM.attributes
                0x00000000       0x30
 *(.ARM.attributes)
 .ARM.attributes
                0x00000000       0x22 /home/daniel/Ac6/SystemWorkbench/plugins/fr.ac6.mcu.externaltools.arm-none.linux64_1.13.1.201703061524/tools/compiler/bin/../lib/gcc/arm-none-eabi/5.4.1/armv7e-m/fpu/crti.o
 .ARM.attributes
                0x00000022       0x34 /home/daniel/Ac6/SystemWorkbench/plugins/fr.ac6.mcu.externaltools.arm-none.linux64_1.13.1.201703061524/tools/compiler/bin/../lib/gcc/arm-none-eabi/5.4.1/armv7e-m/fpu/crtbegin.o
 .ARM.attributes
                0x00000056       0x39 Drivers/STM32F3xx_HAL_Driver/Src/stm32f3xx_hal.o
 .ARM.attributes
                0x0000008f       0x39 Drivers/STM32F3xx_HAL_Driver/Src/stm32f3xx_hal_cortex.o
 .ARM.attributes
                0x000000c8       0x39 Drivers/STM32F3xx_HAL_Driver/Src/stm32f3xx_hal_gpio.o
 .ARM.attributes
                0x00000101       0x39 Drivers/STM32F3xx_HAL_Driver/Src/stm32f3xx_hal_rcc.o
 .ARM.attributes
                0x0000013a       0x39 Drivers/STM32F3xx_HAL_Driver/Src/stm32f3xx_hal_spi.o
 .ARM.attributes
                0x00000173       0x39 Src/main.o
 .ARM.attributes
                0x000001ac       0x39 Src/nrf24.o
 .ARM.attributes
                0x000001e5       0x39 Src/nrf24_app.o
 .ARM.attributes
                0x0000021e       0x39 Src/nrf24_hal.o
 .ARM.attributes
                0x00000257       0x39 Src/stm32f3xx_hal_msp.o
 .ARM.attributes
                0x00000290       0x39 Src/stm32f3xx_it.o
 .ARM.attributes
                0x000002c9       0x39 Src/system_stm32f3xx.o
 .ARM.attributes
                0x00000302       0x21 startup/startup_stm32f303xc.o
 .ARM.attributes
                0x00000323       0x34 /home/daniel/Ac6/SystemWorkbench/plugins/fr.ac6.mcu.externaltools.arm-none.linux64_1.13.1.201703061524/tools/compiler/bin/../lib/gcc/arm-none-eabi/5.4.1/../../../../arm-none-eabi/lib/armv7e-m/fpu/libc_nano.a(lib_a-init.o)
 .ARM.attributes
                0x00000357       0x22 /home/daniel/Ac6/SystemWorkbench/plugins/fr.ac6.mcu.externaltools.arm-none.linux64_1.13.1.201703061524/tools/compiler/bin/../lib/gcc/arm-none-eabi/5.4.1/armv7e-m/fpu/crtn.o
OUTPUT(ECC_NRF24_TX.elf elf32-littlearm)

.debug_info     0x00000000     0x99ae
 .debug_info    0x00000000      0x700 Drivers/STM32F3xx_HAL_Driver/Src/stm32f3xx_hal.o
 .debug_info    0x00000700      0xe77 Drivers/STM32F3xx_HAL_Driver/Src/stm32f3xx_hal_cortex.o
 .debug_info    0x00001577      0x66e Drivers/STM32F3xx_HAL_Driver/Src/stm32f3xx_hal_gpio.o
 .debug_info    0x00001be5     0x13a2 Drivers/STM32F3xx_HAL_Driver/Src/stm32f3xx_hal_rcc.o
 .debug_info    0x00002f87     0x1d59 Drivers/STM32F3xx_HAL_Driver/Src/stm32f3xx_hal_spi.o
 .debug_info    0x00004ce0     0x107c Src/main.o
 .debug_info    0x00005d5c     0x12c9 Src/nrf24.o
 .debug_info    0x00007025      0xdeb Src/nrf24_app.o
 .debug_info    0x00007e10      0xab9 Src/nrf24_hal.o
 .debug_info    0x000088c9      0xafc Src/stm32f3xx_hal_msp.o
 .debug_info    0x000093c5      0x174 Src/stm32f3xx_it.o
 .debug_info    0x00009539      0x404 Src/system_stm32f3xx.o
 .debug_info    0x0000993d       0x71 startup/startup_stm32f303xc.o

.debug_abbrev   0x00000000     0x17a5
 .debug_abbrev  0x00000000      0x1c1 Drivers/STM32F3xx_HAL_Driver/Src/stm32f3xx_hal.o
 .debug_abbrev  0x000001c1      0x2e2 Drivers/STM32F3xx_HAL_Driver/Src/stm32f3xx_hal_cortex.o
 .debug_abbrev  0x000004a3      0x1cd Drivers/STM32F3xx_HAL_Driver/Src/stm32f3xx_hal_gpio.o
 .debug_abbrev  0x00000670      0x283 Drivers/STM32F3xx_HAL_Driver/Src/stm32f3xx_hal_rcc.o
 .debug_abbrev  0x000008f3      0x22c Drivers/STM32F3xx_HAL_Driver/Src/stm32f3xx_hal_spi.o
 .debug_abbrev  0x00000b1f      0x28b Src/main.o
 .debug_abbrev  0x00000daa      0x24b Src/nrf24.o
 .debug_abbrev  0x00000ff5      0x26d Src/nrf24_app.o
 .debug_abbrev  0x00001262      0x1e3 Src/nrf24_hal.o
 .debug_abbrev  0x00001445      0x18f Src/stm32f3xx_hal_msp.o
 .debug_abbrev  0x000015d4       0xbb Src/stm32f3xx_it.o
 .debug_abbrev  0x0000168f      0x104 Src/system_stm32f3xx.o
 .debug_abbrev  0x00001793       0x12 startup/startup_stm32f303xc.o

.debug_loc      0x00000000     0x3b07
 .debug_loc     0x00000000       0x4b Drivers/STM32F3xx_HAL_Driver/Src/stm32f3xx_hal.o
 .debug_loc     0x0000004b      0x548 Drivers/STM32F3xx_HAL_Driver/Src/stm32f3xx_hal_cortex.o
 .debug_loc     0x00000593      0x2ff Drivers/STM32F3xx_HAL_Driver/Src/stm32f3xx_hal_gpio.o
 .debug_loc     0x00000892      0x9bb Drivers/STM32F3xx_HAL_Driver/Src/stm32f3xx_hal_rcc.o
 .debug_loc     0x0000124d     0x1956 Drivers/STM32F3xx_HAL_Driver/Src/stm32f3xx_hal_spi.o
 .debug_loc     0x00002ba3       0xfb Src/main.o
 .debug_loc     0x00002c9e      0x974 Src/nrf24.o
 .debug_loc     0x00003612      0x338 Src/nrf24_app.o
 .debug_loc     0x0000394a       0x71 Src/nrf24_hal.o
 .debug_loc     0x000039bb       0x4d Src/stm32f3xx_hal_msp.o
 .debug_loc     0x00003a08       0xff Src/system_stm32f3xx.o

.debug_aranges  0x00000000      0x750
 .debug_aranges
                0x00000000       0xb0 Drivers/STM32F3xx_HAL_Driver/Src/stm32f3xx_hal.o
 .debug_aranges
                0x000000b0       0xa8 Drivers/STM32F3xx_HAL_Driver/Src/stm32f3xx_hal_cortex.o
 .debug_aranges
                0x00000158       0x58 Drivers/STM32F3xx_HAL_Driver/Src/stm32f3xx_hal_gpio.o
 .debug_aranges
                0x000001b0       0x88 Drivers/STM32F3xx_HAL_Driver/Src/stm32f3xx_hal_rcc.o
 .debug_aranges
                0x00000238      0x1d8 Drivers/STM32F3xx_HAL_Driver/Src/stm32f3xx_hal_spi.o
 .debug_aranges
                0x00000410       0x50 Src/main.o
 .debug_aranges
                0x00000460      0x140 Src/nrf24.o
 .debug_aranges
                0x000005a0       0x98 Src/nrf24_app.o
 .debug_aranges
                0x00000638       0x38 Src/nrf24_hal.o
 .debug_aranges
                0x00000670       0x30 Src/stm32f3xx_hal_msp.o
 .debug_aranges
                0x000006a0       0x60 Src/stm32f3xx_it.o
 .debug_aranges
                0x00000700       0x28 Src/system_stm32f3xx.o
 .debug_aranges
                0x00000728       0x28 startup/startup_stm32f303xc.o

.debug_ranges   0x00000000      0x6a0
 .debug_ranges  0x00000000       0xa0 Drivers/STM32F3xx_HAL_Driver/Src/stm32f3xx_hal.o
 .debug_ranges  0x000000a0       0x98 Drivers/STM32F3xx_HAL_Driver/Src/stm32f3xx_hal_cortex.o
 .debug_ranges  0x00000138       0x48 Drivers/STM32F3xx_HAL_Driver/Src/stm32f3xx_hal_gpio.o
 .debug_ranges  0x00000180       0x90 Drivers/STM32F3xx_HAL_Driver/Src/stm32f3xx_hal_rcc.o
 .debug_ranges  0x00000210      0x1c8 Drivers/STM32F3xx_HAL_Driver/Src/stm32f3xx_hal_spi.o
 .debug_ranges  0x000003d8       0x40 Src/main.o
 .debug_ranges  0x00000418      0x130 Src/nrf24.o
 .debug_ranges  0x00000548       0x88 Src/nrf24_app.o
 .debug_ranges  0x000005d0       0x28 Src/nrf24_hal.o
 .debug_ranges  0x000005f8       0x20 Src/stm32f3xx_hal_msp.o
 .debug_ranges  0x00000618       0x50 Src/stm32f3xx_it.o
 .debug_ranges  0x00000668       0x18 Src/system_stm32f3xx.o
 .debug_ranges  0x00000680       0x20 startup/startup_stm32f303xc.o

.debug_macro    0x00000000    0x1d51b
 .debug_macro   0x00000000      0x323 Drivers/STM32F3xx_HAL_Driver/Src/stm32f3xx_hal.o
 .debug_macro   0x00000323      0x898 Drivers/STM32F3xx_HAL_Driver/Src/stm32f3xx_hal.o
 .debug_macro   0x00000bbb       0x58 Drivers/STM32F3xx_HAL_Driver/Src/stm32f3xx_hal.o
 .debug_macro   0x00000c13       0x9f Drivers/STM32F3xx_HAL_Driver/Src/stm32f3xx_hal.o
 .debug_macro   0x00000cb2       0x31 Drivers/STM32F3xx_HAL_Driver/Src/stm32f3xx_hal.o
 .debug_macro   0x00000ce3       0x28 Drivers/STM32F3xx_HAL_Driver/Src/stm32f3xx_hal.o
 .debug_macro   0x00000d0b       0x22 Drivers/STM32F3xx_HAL_Driver/Src/stm32f3xx_hal.o
 .debug_macro   0x00000d2d       0x87 Drivers/STM32F3xx_HAL_Driver/Src/stm32f3xx_hal.o
 .debug_macro   0x00000db4       0x44 Drivers/STM32F3xx_HAL_Driver/Src/stm32f3xx_hal.o
 .debug_macro   0x00000df8       0xfd Drivers/STM32F3xx_HAL_Driver/Src/stm32f3xx_hal.o
 .debug_macro   0x00000ef5       0x5e Drivers/STM32F3xx_HAL_Driver/Src/stm32f3xx_hal.o
 .debug_macro   0x00000f53      0x1df Drivers/STM32F3xx_HAL_Driver/Src/stm32f3xx_hal.o
 .debug_macro   0x00001132       0x35 Drivers/STM32F3xx_HAL_Driver/Src/stm32f3xx_hal.o
 .debug_macro   0x00001167       0x50 Drivers/STM32F3xx_HAL_Driver/Src/stm32f3xx_hal.o
 .debug_macro   0x000011b7      0xe66 Drivers/STM32F3xx_HAL_Driver/Src/stm32f3xx_hal.o
 .debug_macro   0x0000201d    0x12a2c Drivers/STM32F3xx_HAL_Driver/Src/stm32f3xx_hal.o
 .debug_macro   0x00014a49       0x43 Drivers/STM32F3xx_HAL_Driver/Src/stm32f3xx_hal.o
 .debug_macro   0x00014a8c     0x3439 Drivers/STM32F3xx_HAL_Driver/Src/stm32f3xx_hal.o
 .debug_macro   0x00017ec5       0x52 Drivers/STM32F3xx_HAL_Driver/Src/stm32f3xx_hal.o
 .debug_macro   0x00017f17       0x35 Drivers/STM32F3xx_HAL_Driver/Src/stm32f3xx_hal.o
 .debug_macro   0x00017f4c       0x9c Drivers/STM32F3xx_HAL_Driver/Src/stm32f3xx_hal.o
 .debug_macro   0x00017fe8       0x16 Drivers/STM32F3xx_HAL_Driver/Src/stm32f3xx_hal.o
 .debug_macro   0x00017ffe       0x97 Drivers/STM32F3xx_HAL_Driver/Src/stm32f3xx_hal.o
 .debug_macro   0x00018095      0x30d Drivers/STM32F3xx_HAL_Driver/Src/stm32f3xx_hal.o
 .debug_macro   0x000183a2       0xfd Drivers/STM32F3xx_HAL_Driver/Src/stm32f3xx_hal.o
 .debug_macro   0x0001849f       0x10 Drivers/STM32F3xx_HAL_Driver/Src/stm32f3xx_hal.o
 .debug_macro   0x000184af       0x52 Drivers/STM32F3xx_HAL_Driver/Src/stm32f3xx_hal.o
 .debug_macro   0x00018501       0x1f Drivers/STM32F3xx_HAL_Driver/Src/stm32f3xx_hal.o
 .debug_macro   0x00018520       0x43 Drivers/STM32F3xx_HAL_Driver/Src/stm32f3xx_hal.o
 .debug_macro   0x00018563       0x20 Drivers/STM32F3xx_HAL_Driver/Src/stm32f3xx_hal.o
 .debug_macro   0x00018583      0x187 Drivers/STM32F3xx_HAL_Driver/Src/stm32f3xx_hal.o
 .debug_macro   0x0001870a       0x10 Drivers/STM32F3xx_HAL_Driver/Src/stm32f3xx_hal.o
 .debug_macro   0x0001871a       0x1c Drivers/STM32F3xx_HAL_Driver/Src/stm32f3xx_hal.o
 .debug_macro   0x00018736       0x52 Drivers/STM32F3xx_HAL_Driver/Src/stm32f3xx_hal.o
 .debug_macro   0x00018788       0x40 Drivers/STM32F3xx_HAL_Driver/Src/stm32f3xx_hal.o
 .debug_macro   0x000187c8       0x10 Drivers/STM32F3xx_HAL_Driver/Src/stm32f3xx_hal.o
 .debug_macro   0x000187d8       0x40 Drivers/STM32F3xx_HAL_Driver/Src/stm32f3xx_hal.o
 .debug_macro   0x00018818       0xd7 Drivers/STM32F3xx_HAL_Driver/Src/stm32f3xx_hal.o
 .debug_macro   0x000188ef       0x16 Drivers/STM32F3xx_HAL_Driver/Src/stm32f3xx_hal.o
 .debug_macro   0x00018905      0x18b Drivers/STM32F3xx_HAL_Driver/Src/stm32f3xx_hal.o
 .debug_macro   0x00018a90       0x49 Drivers/STM32F3xx_HAL_Driver/Src/stm32f3xx_hal.o
 .debug_macro   0x00018ad9      0x969 Drivers/STM32F3xx_HAL_Driver/Src/stm32f3xx_hal.o
 .debug_macro   0x00019442      0x5fe Drivers/STM32F3xx_HAL_Driver/Src/stm32f3xx_hal.o
 .debug_macro   0x00019a40      0x13a Drivers/STM32F3xx_HAL_Driver/Src/stm32f3xx_hal.o
 .debug_macro   0x00019b7a      0x1fb Drivers/STM32F3xx_HAL_Driver/Src/stm32f3xx_hal.o
 .debug_macro   0x00019d75      0x1bc Drivers/STM32F3xx_HAL_Driver/Src/stm32f3xx_hal.o
 .debug_macro   0x00019f31       0x31 Drivers/STM32F3xx_HAL_Driver/Src/stm32f3xx_hal.o
 .debug_macro   0x00019f62       0x3c Drivers/STM32F3xx_HAL_Driver/Src/stm32f3xx_hal.o
 .debug_macro   0x00019f9e      0x23a Drivers/STM32F3xx_HAL_Driver/Src/stm32f3xx_hal.o
 .debug_macro   0x0001a1d8       0xcb Drivers/STM32F3xx_HAL_Driver/Src/stm32f3xx_hal.o
 .debug_macro   0x0001a2a3      0x22b Drivers/STM32F3xx_HAL_Driver/Src/stm32f3xx_hal.o
 .debug_macro   0x0001a4ce      0x202 Drivers/STM32F3xx_HAL_Driver/Src/stm32f3xx_hal.o
 .debug_macro   0x0001a6d0       0x5b Drivers/STM32F3xx_HAL_Driver/Src/stm32f3xx_hal.o
 .debug_macro   0x0001a72b       0x90 Drivers/STM32F3xx_HAL_Driver/Src/stm32f3xx_hal.o
 .debug_macro   0x0001a7bb       0x82 Drivers/STM32F3xx_HAL_Driver/Src/stm32f3xx_hal.o
 .debug_macro   0x0001a83d       0xd4 Drivers/STM32F3xx_HAL_Driver/Src/stm32f3xx_hal.o
 .debug_macro   0x0001a911      0x2e9 Drivers/STM32F3xx_HAL_Driver/Src/stm32f3xx_hal.o
 .debug_macro   0x0001abfa      0x26e Drivers/STM32F3xx_HAL_Driver/Src/stm32f3xx_hal.o
 .debug_macro   0x0001ae68      0x2ff Drivers/STM32F3xx_HAL_Driver/Src/stm32f3xx_hal_cortex.o
 .debug_macro   0x0001b167      0x337 Drivers/STM32F3xx_HAL_Driver/Src/stm32f3xx_hal_gpio.o
 .debug_macro   0x0001b49e      0x323 Drivers/STM32F3xx_HAL_Driver/Src/stm32f3xx_hal_rcc.o
 .debug_macro   0x0001b7c1      0x307 Drivers/STM32F3xx_HAL_Driver/Src/stm32f3xx_hal_spi.o
 .debug_macro   0x0001bac8      0x33e Src/main.o
 .debug_macro   0x0001be06       0x22 Src/main.o
 .debug_macro   0x0001be28       0x4c Src/main.o
 .debug_macro   0x0001be74      0x18c Src/main.o
 .debug_macro   0x0001c000      0x32a Src/nrf24.o
 .debug_macro   0x0001c32a       0xa5 Src/nrf24.o
 .debug_macro   0x0001c3cf      0x35b Src/nrf24_app.o
 .debug_macro   0x0001c72a       0x4c Src/nrf24_app.o
 .debug_macro   0x0001c776       0x8d Src/nrf24_app.o
 .debug_macro   0x0001c803       0x4a Src/nrf24_app.o
 .debug_macro   0x0001c84d       0x16 Src/nrf24_app.o
 .debug_macro   0x0001c863       0x35 Src/nrf24_app.o
 .debug_macro   0x0001c898       0x52 Src/nrf24_app.o
 .debug_macro   0x0001c8ea      0x324 Src/nrf24_hal.o
 .debug_macro   0x0001cc0e      0x2ff Src/stm32f3xx_hal_msp.o
 .debug_macro   0x0001cf0d      0x309 Src/stm32f3xx_it.o
 .debug_macro   0x0001d216      0x305 Src/system_stm32f3xx.o

.debug_line     0x00000000     0x771d
 .debug_line    0x00000000      0x908 Drivers/STM32F3xx_HAL_Driver/Src/stm32f3xx_hal.o
 .debug_line    0x00000908      0x9a1 Drivers/STM32F3xx_HAL_Driver/Src/stm32f3xx_hal_cortex.o
 .debug_line    0x000012a9      0x8fb Drivers/STM32F3xx_HAL_Driver/Src/stm32f3xx_hal_gpio.o
 .debug_line    0x00001ba4      0xc71 Drivers/STM32F3xx_HAL_Driver/Src/stm32f3xx_hal_rcc.o
 .debug_line    0x00002815     0x1226 Drivers/STM32F3xx_HAL_Driver/Src/stm32f3xx_hal_spi.o
 .debug_line    0x00003a3b      0x879 Src/main.o
 .debug_line    0x000042b4      0xade Src/nrf24.o
 .debug_line    0x00004d92      0x92a Src/nrf24_app.o
 .debug_line    0x000056bc      0x7fb Src/nrf24_hal.o
 .debug_line    0x00005eb7      0x7df Src/stm32f3xx_hal_msp.o
 .debug_line    0x00006696      0x836 Src/stm32f3xx_it.o
 .debug_line    0x00006ecc      0x7d2 Src/system_stm32f3xx.o
 .debug_line    0x0000769e       0x7f startup/startup_stm32f303xc.o

.debug_str      0x00000000    0xa5c70
 .debug_str     0x00000000    0xa30e3 Drivers/STM32F3xx_HAL_Driver/Src/stm32f3xx_hal.o
                              0xa354d (size before relaxing)
 .debug_str     0x000a30e3      0x3de Drivers/STM32F3xx_HAL_Driver/Src/stm32f3xx_hal_cortex.o
                              0xa3670 (size before relaxing)
 .debug_str     0x000a34c1      0x2b9 Drivers/STM32F3xx_HAL_Driver/Src/stm32f3xx_hal_gpio.o
                              0xa3036 (size before relaxing)
 .debug_str     0x000a377a      0x40d Drivers/STM32F3xx_HAL_Driver/Src/stm32f3xx_hal_rcc.o
                              0xa327e (size before relaxing)
 .debug_str     0x000a3b87      0x924 Drivers/STM32F3xx_HAL_Driver/Src/stm32f3xx_hal_spi.o
                              0xa36c9 (size before relaxing)
 .debug_str     0x000a44ab      0xd68 Src/main.o
                              0xa452b (size before relaxing)
 .debug_str     0x000a5213      0x47b Src/nrf24.o
                              0xa3db2 (size before relaxing)
 .debug_str     0x000a568e      0x475 Src/nrf24_app.o
                              0xa40ab (size before relaxing)
 .debug_str     0x000a5b03       0x2c Src/nrf24_hal.o
                              0xa419a (size before relaxing)
 .debug_str     0x000a5b2f       0x1b Src/stm32f3xx_hal_msp.o
                              0xa3640 (size before relaxing)
 .debug_str     0x000a5b4a       0xb8 Src/stm32f3xx_it.o
                              0xa2d81 (size before relaxing)
 .debug_str     0x000a5c02       0x6e Src/system_stm32f3xx.o
                              0xa2e17 (size before relaxing)

.comment        0x00000000       0x6e
 .comment       0x00000000       0x6e Drivers/STM32F3xx_HAL_Driver/Src/stm32f3xx_hal.o
                                 0x6f (size before relaxing)
 .comment       0x0000006e       0x6f Drivers/STM32F3xx_HAL_Driver/Src/stm32f3xx_hal_cortex.o
 .comment       0x0000006e       0x6f Drivers/STM32F3xx_HAL_Driver/Src/stm32f3xx_hal_gpio.o
 .comment       0x0000006e       0x6f Drivers/STM32F3xx_HAL_Driver/Src/stm32f3xx_hal_rcc.o
 .comment       0x0000006e       0x6f Drivers/STM32F3xx_HAL_Driver/Src/stm32f3xx_hal_spi.o
 .comment       0x0000006e       0x6f Src/main.o
 .comment       0x0000006e       0x6f Src/nrf24.o
 .comment       0x0000006e       0x6f Src/nrf24_app.o
 .comment       0x0000006e       0x6f Src/nrf24_hal.o
 .comment       0x0000006e       0x6f Src/stm32f3xx_hal_msp.o
 .comment       0x0000006e       0x6f Src/stm32f3xx_it.o
 .comment       0x0000006e       0x6f Src/system_stm32f3xx.o

.debug_frame    0x00000000     0x126c
 .debug_frame   0x00000000      0x168 Drivers/STM32F3xx_HAL_Driver/Src/stm32f3xx_hal.o
 .debug_frame   0x00000168      0x154 Drivers/STM32F3xx_HAL_Driver/Src/stm32f3xx_hal_cortex.o
 .debug_frame   0x000002bc       0xc4 Drivers/STM32F3xx_HAL_Driver/Src/stm32f3xx_hal_gpio.o
 .debug_frame   0x00000380      0x14c Drivers/STM32F3xx_HAL_Driver/Src/stm32f3xx_hal_rcc.o
 .debug_frame   0x000004cc      0x5a4 Drivers/STM32F3xx_HAL_Driver/Src/stm32f3xx_hal_spi.o
 .debug_frame   0x00000a70       0xbc Src/main.o
 .debug_frame   0x00000b2c      0x3bc Src/nrf24.o
 .debug_frame   0x00000ee8      0x1a8 Src/nrf24_app.o
 .debug_frame   0x00001090       0x74 Src/nrf24_hal.o
 .debug_frame   0x00001104       0x64 Src/stm32f3xx_hal_msp.o
 .debug_frame   0x00001168       0xa8 Src/stm32f3xx_it.o
 .debug_frame   0x00001210       0x30 Src/system_stm32f3xx.o
 .debug_frame   0x00001240       0x2c /home/daniel/Ac6/SystemWorkbench/plugins/fr.ac6.mcu.externaltools.arm-none.linux64_1.13.1.201703061524/tools/compiler/bin/../lib/gcc/arm-none-eabi/5.4.1/../../../../arm-none-eabi/lib/armv7e-m/fpu/libc_nano.a(lib_a-init.o)
