Archive member included to satisfy reference by file (symbol)

/home/daniel/Ac6/SystemWorkbench/plugins/fr.ac6.mcu.externaltools.arm-none.linux64_1.13.1.201703061524/tools/compiler/bin/../lib/gcc/arm-none-eabi/5.4.1/../../../../arm-none-eabi/lib/armv7e-m/fpu/libc_nano.a(lib_a-exit.o)
                              /home/daniel/Ac6/SystemWorkbench/plugins/fr.ac6.mcu.externaltools.arm-none.linux64_1.13.1.201703061524/tools/compiler/bin/../lib/gcc/arm-none-eabi/5.4.1/../../../../arm-none-eabi/lib/armv7e-m/fpu/crt0.o (exit)
/home/daniel/Ac6/SystemWorkbench/plugins/fr.ac6.mcu.externaltools.arm-none.linux64_1.13.1.201703061524/tools/compiler/bin/../lib/gcc/arm-none-eabi/5.4.1/../../../../arm-none-eabi/lib/armv7e-m/fpu/libc_nano.a(lib_a-impure.o)
                              /home/daniel/Ac6/SystemWorkbench/plugins/fr.ac6.mcu.externaltools.arm-none.linux64_1.13.1.201703061524/tools/compiler/bin/../lib/gcc/arm-none-eabi/5.4.1/../../../../arm-none-eabi/lib/armv7e-m/fpu/libc_nano.a(lib_a-exit.o) (_global_impure_ptr)
/home/daniel/Ac6/SystemWorkbench/plugins/fr.ac6.mcu.externaltools.arm-none.linux64_1.13.1.201703061524/tools/compiler/bin/../lib/gcc/arm-none-eabi/5.4.1/../../../../arm-none-eabi/lib/armv7e-m/fpu/libc_nano.a(lib_a-init.o)
                              /home/daniel/Ac6/SystemWorkbench/plugins/fr.ac6.mcu.externaltools.arm-none.linux64_1.13.1.201703061524/tools/compiler/bin/../lib/gcc/arm-none-eabi/5.4.1/../../../../arm-none-eabi/lib/armv7e-m/fpu/crt0.o (__libc_init_array)
/home/daniel/Ac6/SystemWorkbench/plugins/fr.ac6.mcu.externaltools.arm-none.linux64_1.13.1.201703061524/tools/compiler/bin/../lib/gcc/arm-none-eabi/5.4.1/../../../../arm-none-eabi/lib/armv7e-m/fpu/libc_nano.a(lib_a-memset.o)
                              /home/daniel/Ac6/SystemWorkbench/plugins/fr.ac6.mcu.externaltools.arm-none.linux64_1.13.1.201703061524/tools/compiler/bin/../lib/gcc/arm-none-eabi/5.4.1/../../../../arm-none-eabi/lib/armv7e-m/fpu/crt0.o (memset)
/home/daniel/Ac6/SystemWorkbench/plugins/fr.ac6.mcu.externaltools.arm-none.linux64_1.13.1.201703061524/tools/compiler/bin/../lib/gcc/arm-none-eabi/5.4.1/../../../../arm-none-eabi/lib/armv7e-m/fpu/libnosys.a(_exit.o)
                              /home/daniel/Ac6/SystemWorkbench/plugins/fr.ac6.mcu.externaltools.arm-none.linux64_1.13.1.201703061524/tools/compiler/bin/../lib/gcc/arm-none-eabi/5.4.1/../../../../arm-none-eabi/lib/armv7e-m/fpu/libc_nano.a(lib_a-exit.o) (_exit)

Allocating common symbols
Common symbol       size              file

scenario            0x1               Src/main.o
new_data            0x1               Src/main.o
nrf24_client_tx_cbk
                    0x4               Src/nrf24_app.o
nrf24_client_rx_cbk
                    0x4               Src/nrf24_app.o
uwTick              0x4               Drivers/STM32F4xx_HAL_Driver/Src/stm32f4xx_hal.o
pFlash              0x20              Drivers/STM32F4xx_HAL_Driver/Src/stm32f4xx_hal_flash.o
hspi3               0x58              Src/main.o
wait_data           0x1               Src/main.o
ntf24_scenario      0x1               Src/nrf24_app.o
role                0x1               Src/main.o
nrf24_role          0x1               Src/nrf24_app.o

Discarded input sections

 .text          0x00000000        0x0 /home/daniel/Ac6/SystemWorkbench/plugins/fr.ac6.mcu.externaltools.arm-none.linux64_1.13.1.201703061524/tools/compiler/bin/../lib/gcc/arm-none-eabi/5.4.1/armv7e-m/fpu/crti.o
 .data          0x00000000        0x0 /home/daniel/Ac6/SystemWorkbench/plugins/fr.ac6.mcu.externaltools.arm-none.linux64_1.13.1.201703061524/tools/compiler/bin/../lib/gcc/arm-none-eabi/5.4.1/armv7e-m/fpu/crti.o
 .bss           0x00000000        0x0 /home/daniel/Ac6/SystemWorkbench/plugins/fr.ac6.mcu.externaltools.arm-none.linux64_1.13.1.201703061524/tools/compiler/bin/../lib/gcc/arm-none-eabi/5.4.1/armv7e-m/fpu/crti.o
 .data          0x00000000        0x4 /home/daniel/Ac6/SystemWorkbench/plugins/fr.ac6.mcu.externaltools.arm-none.linux64_1.13.1.201703061524/tools/compiler/bin/../lib/gcc/arm-none-eabi/5.4.1/armv7e-m/fpu/crtbegin.o
 .text          0x00000000       0x74 /home/daniel/Ac6/SystemWorkbench/plugins/fr.ac6.mcu.externaltools.arm-none.linux64_1.13.1.201703061524/tools/compiler/bin/../lib/gcc/arm-none-eabi/5.4.1/../../../../arm-none-eabi/lib/armv7e-m/fpu/crt0.o
 .data          0x00000000        0x0 /home/daniel/Ac6/SystemWorkbench/plugins/fr.ac6.mcu.externaltools.arm-none.linux64_1.13.1.201703061524/tools/compiler/bin/../lib/gcc/arm-none-eabi/5.4.1/../../../../arm-none-eabi/lib/armv7e-m/fpu/crt0.o
 .bss           0x00000000        0x0 /home/daniel/Ac6/SystemWorkbench/plugins/fr.ac6.mcu.externaltools.arm-none.linux64_1.13.1.201703061524/tools/compiler/bin/../lib/gcc/arm-none-eabi/5.4.1/../../../../arm-none-eabi/lib/armv7e-m/fpu/crt0.o
[...]
Memory Configuration

Name             Origin             Length             Attributes
RAM              0x20000000         0x00020000         xrw
FLASH            0x08000000         0x00080000         xr
*default*        0x00000000         0xffffffff

Linker script and memory map

LOAD /home/daniel/Ac6/SystemWorkbench/plugins/fr.ac6.mcu.externaltools.arm-none.linux64_1.13.1.201703061524/tools/compiler/bin/../lib/gcc/arm-none-eabi/5.4.1/armv7e-m/fpu/crti.o
LOAD /home/daniel/Ac6/SystemWorkbench/plugins/fr.ac6.mcu.externaltools.arm-none.linux64_1.13.1.201703061524/tools/compiler/bin/../lib/gcc/arm-none-eabi/5.4.1/armv7e-m/fpu/crtbegin.o
LOAD /home/daniel/Ac6/SystemWorkbench/plugins/fr.ac6.mcu.externaltools.arm-none.linux64_1.13.1.201703061524/tools/compiler/bin/../lib/gcc/arm-none-eabi/5.4.1/../../../../arm-none-eabi/lib/armv7e-m/fpu/crt0.o
LOAD /home/daniel/Ac6/SystemWorkbench/plugins/fr.ac6.mcu.externaltools.arm-none.linux64_1.13.1.201703061524/tools/compiler/bin/../lib/gcc/arm-none-eabi/5.4.1/../../../../arm-none-eabi/lib/armv7e-m/fpu/libm.a
LOAD Drivers/STM32F4xx_HAL_Driver/Src/stm32f4xx_hal.o
LOAD Drivers/STM32F4xx_HAL_Driver/Src/stm32f4xx_hal_cortex.o
LOAD Drivers/STM32F4xx_HAL_Driver/Src/stm32f4xx_hal_dma.o
LOAD Drivers/STM32F4xx_HAL_Driver/Src/stm32f4xx_hal_dma_ex.o
LOAD Drivers/STM32F4xx_HAL_Driver/Src/stm32f4xx_hal_flash.o
LOAD Drivers/STM32F4xx_HAL_Driver/Src/stm32f4xx_hal_flash_ex.o
LOAD Drivers/STM32F4xx_HAL_Driver/Src/stm32f4xx_hal_flash_ramfunc.o
LOAD Drivers/STM32F4xx_HAL_Driver/Src/stm32f4xx_hal_gpio.o
LOAD Drivers/STM32F4xx_HAL_Driver/Src/stm32f4xx_hal_pwr.o
LOAD Drivers/STM32F4xx_HAL_Driver/Src/stm32f4xx_hal_pwr_ex.o
LOAD Drivers/STM32F4xx_HAL_Driver/Src/stm32f4xx_hal_rcc.o
LOAD Drivers/STM32F4xx_HAL_Driver/Src/stm32f4xx_hal_rcc_ex.o
LOAD Drivers/STM32F4xx_HAL_Driver/Src/stm32f4xx_hal_spi.o
LOAD Drivers/STM32F4xx_HAL_Driver/Src/stm32f4xx_hal_tim.o
LOAD Drivers/STM32F4xx_HAL_Driver/Src/stm32f4xx_hal_tim_ex.o
LOAD Src/main.o
LOAD Src/nrf24.o
LOAD Src/nrf24_app.o
LOAD Src/nrf24_hal.o
LOAD Src/stm32f4xx_hal_msp.o
LOAD Src/stm32f4xx_it.o
LOAD Src/system_stm32f4xx.o
LOAD startup/startup_stm32f446xx.o
START GROUP
LOAD /home/daniel/Ac6/SystemWorkbench/plugins/fr.ac6.mcu.externaltools.arm-none.linux64_1.13.1.201703061524/tools/compiler/bin/../lib/gcc/arm-none-eabi/5.4.1/armv7e-m/fpu/libgcc.a
LOAD /home/daniel/Ac6/SystemWorkbench/plugins/fr.ac6.mcu.externaltools.arm-none.linux64_1.13.1.201703061524/tools/compiler/bin/../lib/gcc/arm-none-eabi/5.4.1/../../../../arm-none-eabi/lib/armv7e-m/fpu/libc_nano.a
END GROUP
START GROUP
LOAD /home/daniel/Ac6/SystemWorkbench/plugins/fr.ac6.mcu.externaltools.arm-none.linux64_1.13.1.201703061524/tools/compiler/bin/../lib/gcc/arm-none-eabi/5.4.1/armv7e-m/fpu/libgcc.a
LOAD /home/daniel/Ac6/SystemWorkbench/plugins/fr.ac6.mcu.externaltools.arm-none.linux64_1.13.1.201703061524/tools/compiler/bin/../lib/gcc/arm-none-eabi/5.4.1/../../../../arm-none-eabi/lib/armv7e-m/fpu/libc_nano.a
LOAD /home/daniel/Ac6/SystemWorkbench/plugins/fr.ac6.mcu.externaltools.arm-none.linux64_1.13.1.201703061524/tools/compiler/bin/../lib/gcc/arm-none-eabi/5.4.1/../../../../arm-none-eabi/lib/armv7e-m/fpu/libnosys.a
END GROUP
START GROUP
LOAD /home/daniel/Ac6/SystemWorkbench/plugins/fr.ac6.mcu.externaltools.arm-none.linux64_1.13.1.201703061524/tools/compiler/bin/../lib/gcc/arm-none-eabi/5.4.1/armv7e-m/fpu/libgcc.a
LOAD /home/daniel/Ac6/SystemWorkbench/plugins/fr.ac6.mcu.externaltools.arm-none.linux64_1.13.1.201703061524/tools/compiler/bin/../lib/gcc/arm-none-eabi/5.4.1/../../../../arm-none-eabi/lib/armv7e-m/fpu/libc_nano.a
LOAD /home/daniel/Ac6/SystemWorkbench/plugins/fr.ac6.mcu.externaltools.arm-none.linux64_1.13.1.201703061524/tools/compiler/bin/../lib/gcc/arm-none-eabi/5.4.1/../../../../arm-none-eabi/lib/armv7e-m/fpu/libnosys.a
END GROUP
LOAD /home/daniel/Ac6/SystemWorkbench/plugins/fr.ac6.mcu.externaltools.arm-none.linux64_1.13.1.201703061524/tools/compiler/bin/../lib/gcc/arm-none-eabi/5.4.1/armv7e-m/fpu/crtend.o
LOAD /home/daniel/Ac6/SystemWorkbench/plugins/fr.ac6.mcu.externaltools.arm-none.linux64_1.13.1.201703061524/tools/compiler/bin/../lib/gcc/arm-none-eabi/5.4.1/armv7e-m/fpu/crtn.o
                0x20020000                _estack = 0x20020000
                0x00000200                _Min_Heap_Size = 0x200
                0x00000400                _Min_Stack_Size = 0x400

.isr_vector     0x08000000      0x1c4
                0x08000000                . = ALIGN (0x4)
 *(.isr_vector)
 .isr_vector    0x08000000      0x1c4 startup/startup_stm32f446xx.o
                0x08000000                g_pfnVectors
                0x080001c4                . = ALIGN (0x4)

.text           0x080001c4     0x1be8
                0x080001c4                . = ALIGN (0x4)
 *(.text)
 .text          0x080001c4       0x5c /home/daniel/Ac6/SystemWorkbench/plugins/fr.ac6.mcu.externaltools.arm-none.linux64_1.13.1.201703061524/tools/compiler/bin/../lib/gcc/arm-none-eabi/5.4.1/armv7e-m/fpu/crtbegin.o
 *(.text*)
 .text.HAL_InitTick
                0x08000220       0x2c Drivers/STM32F4xx_HAL_Driver/Src/stm32f4xx_hal.o
                0x08000220                HAL_InitTick
 .text.HAL_Init
                0x0800024c       0x34 Drivers/STM32F4xx_HAL_Driver/Src/stm32f4xx_hal.o
                0x0800024c                HAL_Init
 .text.HAL_IncTick
                0x08000280       0x10 Drivers/STM32F4xx_HAL_Driver/Src/stm32f4xx_hal.o
                0x08000280                HAL_IncTick
 .text.HAL_GetTick
                0x08000290        0xc Drivers/STM32F4xx_HAL_Driver/Src/stm32f4xx_hal.o
                0x08000290                HAL_GetTick
 .text.HAL_Delay
                0x0800029c       0x24 Drivers/STM32F4xx_HAL_Driver/Src/stm32f4xx_hal.o
                0x0800029c                HAL_Delay
 .text.HAL_NVIC_SetPriorityGrouping
                0x080002c0       0x24 Drivers/STM32F4xx_HAL_Driver/Src/stm32f4xx_hal_cortex.o
                0x080002c0                HAL_NVIC_SetPriorityGrouping
 .text.HAL_NVIC_SetPriority
                0x080002e4       0x64 Drivers/STM32F4xx_HAL_Driver/Src/stm32f4xx_hal_cortex.o
                0x080002e4                HAL_NVIC_SetPriority
 .text.HAL_NVIC_EnableIRQ
                0x08000348       0x18 Drivers/STM32F4xx_HAL_Driver/Src/stm32f4xx_hal_cortex.o
                0x08000348                HAL_NVIC_EnableIRQ
 .text.HAL_NVIC_DisableIRQ
                0x08000360       0x1c Drivers/STM32F4xx_HAL_Driver/Src/stm32f4xx_hal_cortex.o
                0x08000360                HAL_NVIC_DisableIRQ
 .text.HAL_SYSTICK_Config
                0x0800037c       0x2c Drivers/STM32F4xx_HAL_Driver/Src/stm32f4xx_hal_cortex.o
                0x0800037c                HAL_SYSTICK_Config
 .text.HAL_SYSTICK_CLKSourceConfig
                0x080003a8       0x20 Drivers/STM32F4xx_HAL_Driver/Src/stm32f4xx_hal_cortex.o
                0x080003a8                HAL_SYSTICK_CLKSourceConfig
 .text.HAL_SYSTICK_Callback
                0x080003c8        0x4 Drivers/STM32F4xx_HAL_Driver/Src/stm32f4xx_hal_cortex.o
                0x080003c8                HAL_SYSTICK_Callback
 .text.HAL_SYSTICK_IRQHandler
                0x080003cc        0x8 Drivers/STM32F4xx_HAL_Driver/Src/stm32f4xx_hal_cortex.o
                0x080003cc                HAL_SYSTICK_IRQHandler
 .text.HAL_GPIO_Init
                0x080003d4      0x1b4 Drivers/STM32F4xx_HAL_Driver/Src/stm32f4xx_hal_gpio.o
                0x080003d4                HAL_GPIO_Init
 .text.HAL_GPIO_WritePin
                0x08000588        0xc Drivers/STM32F4xx_HAL_Driver/Src/stm32f4xx_hal_gpio.o
                0x08000588                HAL_GPIO_WritePin
 .text.HAL_GPIO_TogglePin
                0x08000594        0x8 Drivers/STM32F4xx_HAL_Driver/Src/stm32f4xx_hal_gpio.o
                0x08000594                HAL_GPIO_TogglePin
 .text.HAL_PWREx_EnableOverDrive
                0x0800059c       0xa4 Drivers/STM32F4xx_HAL_Driver/Src/stm32f4xx_hal_pwr_ex.o
                0x0800059c                HAL_PWREx_EnableOverDrive
 .text.HAL_RCC_ClockConfig
                0x08000640      0x1b0 Drivers/STM32F4xx_HAL_Driver/Src/stm32f4xx_hal_rcc.o
                0x08000640                HAL_RCC_ClockConfig
 .text.HAL_RCC_GetHCLKFreq
                0x080007f0        0xc Drivers/STM32F4xx_HAL_Driver/Src/stm32f4xx_hal_rcc.o
                0x080007f0                HAL_RCC_GetHCLKFreq
 .text.HAL_RCC_GetSysClockFreq
                0x080007fc      0x118 Drivers/STM32F4xx_HAL_Driver/Src/stm32f4xx_hal_rcc_ex.o
                0x080007fc                HAL_RCC_GetSysClockFreq
 .text.HAL_RCC_OscConfig
                0x08000914      0x40c Drivers/STM32F4xx_HAL_Driver/Src/stm32f4xx_hal_rcc_ex.o
                0x08000914                HAL_RCC_OscConfig
 .text.SPI_WaitFlagStateUntilTimeout
                0x08000d20       0x94 Drivers/STM32F4xx_HAL_Driver/Src/stm32f4xx_hal_spi.o
 .text.SPI_CheckFlag_BSY
                0x08000db4       0x28 Drivers/STM32F4xx_HAL_Driver/Src/stm32f4xx_hal_spi.o
 .text.HAL_SPI_Init
                0x08000ddc       0x84 Drivers/STM32F4xx_HAL_Driver/Src/stm32f4xx_hal_spi.o
                0x08000ddc                HAL_SPI_Init
 .text.HAL_SPI_TransmitReceive
                0x08000e60      0x244 Drivers/STM32F4xx_HAL_Driver/Src/stm32f4xx_hal_spi.o
                0x08000e60                HAL_SPI_TransmitReceive
 .text.tx_cbk_func
                0x080010a4       0x60 Src/main.o
                0x080010a4                tx_cbk_func
 .text.rx_cbk_func
                0x08001104       0x88 Src/main.o
                0x08001104                rx_cbk_func
 .text.MX_GPIO_Init
                0x0800118c       0x98 Src/main.o
 .text.run      0x08001224       0xd4 Src/main.o
                0x08001224                run
 .text._Error_Handler
                0x080012f8        0x4 Src/main.o
                0x080012f8                _Error_Handler
 .text.MX_SPI3_Init
                0x080012fc       0x4c Src/main.o
 .text.SystemClock_Config
                0x08001348       0xdc Src/main.o
                0x08001348                SystemClock_Config
 .text.main     0x08001424       0x40 Src/main.o
                0x08001424                main
 .text.nRF24_WriteReg
                0x08001464       0x58 Src/nrf24.o
 .text.nRF24_WriteMBReg
                0x080014bc       0x44 Src/nrf24.o
 .text.nRF24_ReadMBReg
                0x08001500       0x44 Src/nrf24.o
 .text.nRF24_ReadReg
                0x08001544       0x38 Src/nrf24.o
 .text.nRF24_SetPowerMode
                0x0800157c       0x24 Src/nrf24.o
                0x0800157c                nRF24_SetPowerMode
 .text.nRF24_SetOperationalMode
                0x080015a0       0x1c Src/nrf24.o
                0x080015a0                nRF24_SetOperationalMode
 .text.nRF24_SetCRCScheme
                0x080015bc       0x20 Src/nrf24.o
                0x080015bc                nRF24_SetCRCScheme
 .text.nRF24_SetRFChannel
                0x080015dc        0xc Src/nrf24.o
                0x080015dc                nRF24_SetRFChannel
 .text.nRF24_SetAutoRetr
                0x080015e8       0x14 Src/nrf24.o
                0x080015e8                nRF24_SetAutoRetr
 .text.nRF24_SetAddrWidth
                0x080015fc       0x10 Src/nrf24.o
                0x080015fc                nRF24_SetAddrWidth
 .text.nRF24_SetAddr
                0x0800160c       0x74 Src/nrf24.o
                0x0800160c                nRF24_SetAddr
 .text.nRF24_SetTXPower
                0x08001680       0x18 Src/nrf24.o
                0x08001680                nRF24_SetTXPower
 .text.nRF24_SetDataRate
                0x08001698       0x18 Src/nrf24.o
                0x08001698                nRF24_SetDataRate
 .text.nRF24_SetRXPipe
                0x080016b0       0x5c Src/nrf24.o
                0x080016b0                nRF24_SetRXPipe
 .text.nRF24_EnableAA
                0x0800170c       0x20 Src/nrf24.o
                0x0800170c                nRF24_EnableAA
 .text.nRF24_SetFeatureReg
                0x0800172c       0x18 Src/nrf24.o
                0x0800172c                nRF24_SetFeatureReg
 .text.nRF24_GetStatus
                0x08001744        0xc Src/nrf24.o
                0x08001744                nRF24_GetStatus
 .text.nRF24_GetStatus_RXFIFO
                0x08001750       0x10 Src/nrf24.o
                0x08001750                nRF24_GetStatus_RXFIFO
 .text.nRF24_ResetPLOS
                0x08001760       0x14 Src/nrf24.o
                0x08001760                nRF24_ResetPLOS
 .text.nRF24_FlushTX
                0x08001774        0xc Src/nrf24.o
                0x08001774                nRF24_FlushTX
 .text.nRF24_FlushRX
                0x08001780        0xc Src/nrf24.o
                0x08001780                nRF24_FlushRX
 .text.nRF24_ClearIRQFlags
                0x0800178c       0x18 Src/nrf24.o
                0x0800178c                nRF24_ClearIRQFlags
 .text.nRF24_Init
                0x080017a4       0xa8 Src/nrf24.o
                0x080017a4                nRF24_Init
 .text.nRF24_WritePayload
                0x0800184c       0x10 Src/nrf24.o
                0x0800184c                nRF24_WritePayload
 .text.nRF24_ReadRxFifoPayload
                0x0800185c       0x10 Src/nrf24.o
                0x0800185c                nRF24_ReadRxFifoPayload
 .text.nRF24_ReadPipePayload
                0x0800186c       0x24 Src/nrf24.o
                0x0800186c                nRF24_ReadPipePayload
 .text.nRF24_WriteAckPayload
                0x08001890       0x10 Src/nrf24.o
                0x08001890                nRF24_WriteAckPayload
 .text.nRF24_Interrupt
                0x080018a0       0x60 Src/nrf24.o
                0x080018a0                nRF24_Interrupt
 .text.all_all_tx_int
                0x08001900       0x14 Src/nrf24_app.o
 .text.unidirack_ptx_rx_int
                0x08001914        0x4 Src/nrf24_app.o
 .text.all_all_pre_common_cfg
                0x08001918       0x2c Src/nrf24_app.o
 .text.bidirack_all_pre_common_cfg
                0x08001944       0x10 Src/nrf24_app.o
 .text.unidirack_all_pre_common_cfg
                0x08001954       0x10 Src/nrf24_app.o
 .text.bidirack_prx_rx_int
                0x08001964       0x50 Src/nrf24_app.o
 .text.unidirack_prx_rx_int
                0x080019b4       0x44 Src/nrf24_app.o
 .text.bidirack_ptx_rx_int
                0x080019f8       0x3c Src/nrf24_app.o
 .text.all_all_post_common_cfg
                0x08001a34       0x24 Src/nrf24_app.o
 .text.all_prx_cfg
                0x08001a58       0x20 Src/nrf24_app.o
 .text.all_ptx_cfg
                0x08001a78       0x28 Src/nrf24_app.o
 .text.nrf24_app_tx_data_cbk
                0x08001aa0       0x1c Src/nrf24_app.o
                0x08001aa0                nrf24_app_tx_data_cbk
 .text.nrf24_app_rx_data_cbk
                0x08001abc       0x1c Src/nrf24_app.o
                0x08001abc                nrf24_app_rx_data_cbk
 .text.nrf24_app_tx_data
                0x08001ad8       0x30 Src/nrf24_app.o
                0x08001ad8                nrf24_app_tx_data
 .text.nrf24_app_init
                0x08001b08       0x48 Src/nrf24_app.o
                0x08001b08                nrf24_app_init
 .text.EXTI1_IRQHandler
                0x08001b50       0x14 Src/nrf24_hal.o
                0x08001b50                EXTI1_IRQHandler
 .text.nRF24_GPIO_Interrupt_Set
                0x08001b64       0x14 Src/nrf24_hal.o
                0x08001b64                nRF24_GPIO_Interrupt_Set
 .text.nRF24_GPIO_Init
                0x08001b78       0x24 Src/nrf24_hal.o
                0x08001b78                nRF24_GPIO_Init
 .text.nRF24_LL_RW
                0x08001b9c       0x30 Src/nrf24_hal.o
                0x08001b9c                nRF24_LL_RW
 .text.HAL_MspInit
                0x08001bcc       0x60 Src/stm32f4xx_hal_msp.o
                0x08001bcc                HAL_MspInit
 .text.HAL_SPI_MspInit
                0x08001c2c       0x50 Src/stm32f4xx_hal_msp.o
                0x08001c2c                HAL_SPI_MspInit
 .text.NMI_Handler
                0x08001c7c        0x4 Src/stm32f4xx_it.o
                0x08001c7c                NMI_Handler
 .text.HardFault_Handler
                0x08001c80        0x4 Src/stm32f4xx_it.o
                0x08001c80                HardFault_Handler
 .text.MemManage_Handler
                0x08001c84        0x4 Src/stm32f4xx_it.o
                0x08001c84                MemManage_Handler
 .text.BusFault_Handler
                0x08001c88        0x4 Src/stm32f4xx_it.o
                0x08001c88                BusFault_Handler
 .text.UsageFault_Handler
                0x08001c8c        0x4 Src/stm32f4xx_it.o
                0x08001c8c                UsageFault_Handler
 .text.SVC_Handler
                0x08001c90        0x4 Src/stm32f4xx_it.o
                0x08001c90                SVC_Handler
 .text.DebugMon_Handler
                0x08001c94        0x4 Src/stm32f4xx_it.o
                0x08001c94                DebugMon_Handler
 .text.PendSV_Handler
                0x08001c98        0x4 Src/stm32f4xx_it.o
                0x08001c98                PendSV_Handler
 .text.SysTick_Handler
                0x08001c9c        0xc Src/stm32f4xx_it.o
                0x08001c9c                SysTick_Handler
 .text.SystemInit
                0x08001ca8       0x4c Src/system_stm32f4xx.o
                0x08001ca8                SystemInit
 .text.Reset_Handler
                0x08001cf4       0x50 startup/startup_stm32f446xx.o
                0x08001cf4                Reset_Handler
 .text.Default_Handler
                0x08001d44        0x2 startup/startup_stm32f446xx.o
                0x08001d44                RTC_Alarm_IRQHandler
                0x08001d44                EXTI2_IRQHandler
                0x08001d44                TIM8_CC_IRQHandler
                0x08001d44                SPI4_IRQHandler
                0x08001d44                TIM1_CC_IRQHandler
                0x08001d44                DMA2_Stream5_IRQHandler
                0x08001d44                DMA1_Stream5_IRQHandler
                0x08001d44                PVD_IRQHandler
                0x08001d44                SDIO_IRQHandler
                0x08001d44                TAMP_STAMP_IRQHandler
                0x08001d44                CAN2_RX1_IRQHandler
                0x08001d44                EXTI3_IRQHandler
                0x08001d44                TIM8_TRG_COM_TIM14_IRQHandler
                0x08001d44                TIM1_UP_TIM10_IRQHandler
                0x08001d44                TIM8_UP_TIM13_IRQHandler
                0x08001d44                I2C3_ER_IRQHandler
                0x08001d44                FMPI2C1_Event_IRQHandler
                0x08001d44                EXTI0_IRQHandler
                0x08001d44                I2C2_EV_IRQHandler
                0x08001d44                DMA1_Stream2_IRQHandler
                0x08001d44                CAN1_RX0_IRQHandler
                0x08001d44                FPU_IRQHandler
                0x08001d44                OTG_HS_WKUP_IRQHandler
                0x08001d44                CAN2_SCE_IRQHandler
                0x08001d44                DMA2_Stream2_IRQHandler
                0x08001d44                SPI1_IRQHandler
                0x08001d44                TIM6_DAC_IRQHandler
                0x08001d44                TIM1_BRK_TIM9_IRQHandler
                0x08001d44                DCMI_IRQHandler
                0x08001d44                CAN2_RX0_IRQHandler
                0x08001d44                DMA2_Stream3_IRQHandler
                0x08001d44                SAI2_IRQHandler
                0x08001d44                USART6_IRQHandler
                0x08001d44                USART3_IRQHandler
                0x08001d44                CAN1_RX1_IRQHandler
                0x08001d44                UART5_IRQHandler
                0x08001d44                DMA2_Stream0_IRQHandler
                0x08001d44                TIM4_IRQHandler
                0x08001d44                QUADSPI_IRQHandler
                0x08001d44                I2C1_EV_IRQHandler
                0x08001d44                DMA1_Stream6_IRQHandler
                0x08001d44                DMA1_Stream1_IRQHandler
                0x08001d44                UART4_IRQHandler
                0x08001d44                TIM3_IRQHandler
                0x08001d44                RCC_IRQHandler
                0x08001d44                TIM8_BRK_TIM12_IRQHandler
                0x08001d44                Default_Handler
                0x08001d44                CEC_IRQHandler
                0x08001d44                EXTI15_10_IRQHandler
                0x08001d44                ADC_IRQHandler
                0x08001d44                DMA1_Stream7_IRQHandler
                0x08001d44                TIM7_IRQHandler
                0x08001d44                CAN2_TX_IRQHandler
                0x08001d44                TIM5_IRQHandler
                0x08001d44                DMA2_Stream7_IRQHandler
                0x08001d44                I2C3_EV_IRQHandler
                0x08001d44                EXTI9_5_IRQHandler
                0x08001d44                RTC_WKUP_IRQHandler
                0x08001d44                SPDIF_RX_IRQHandler
                0x08001d44                SPI2_IRQHandler
                0x08001d44                OTG_HS_EP1_IN_IRQHandler
                0x08001d44                DMA1_Stream0_IRQHandler
                0x08001d44                CAN1_TX_IRQHandler
                0x08001d44                EXTI4_IRQHandler
                0x08001d44                OTG_HS_EP1_OUT_IRQHandler
                0x08001d44                WWDG_IRQHandler
                0x08001d44                TIM2_IRQHandler
                0x08001d44                OTG_FS_WKUP_IRQHandler
                0x08001d44                TIM1_TRG_COM_TIM11_IRQHandler
                0x08001d44                OTG_HS_IRQHandler
                0x08001d44                USART2_IRQHandler
                0x08001d44                I2C2_ER_IRQHandler
                0x08001d44                DMA2_Stream1_IRQHandler
                0x08001d44                CAN1_SCE_IRQHandler
                0x08001d44                FLASH_IRQHandler
                0x08001d44                DMA2_Stream4_IRQHandler
                0x08001d44                USART1_IRQHandler
                0x08001d44                OTG_FS_IRQHandler
                0x08001d44                SPI3_IRQHandler
                0x08001d44                DMA1_Stream4_IRQHandler
                0x08001d44                I2C1_ER_IRQHandler
                0x08001d44                FMC_IRQHandler
                0x08001d44                DMA2_Stream6_IRQHandler
                0x08001d44                SAI1_IRQHandler
                0x08001d44                DMA1_Stream3_IRQHandler
                0x08001d44                FMPI2C1_Error_IRQHandler
 *fill*         0x08001d46        0x2 
 .text.__libc_init_array
                0x08001d48       0x4c /home/daniel/Ac6/SystemWorkbench/plugins/fr.ac6.mcu.externaltools.arm-none.linux64_1.13.1.201703061524/tools/compiler/bin/../lib/gcc/arm-none-eabi/5.4.1/../../../../arm-none-eabi/lib/armv7e-m/fpu/libc_nano.a(lib_a-init.o)
                0x08001d48                __libc_init_array
 *(.glue_7)
 .glue_7        0x08001d94        0x0 linker stubs
 *(.glue_7t)
 .glue_7t       0x08001d94        0x0 linker stubs
 *(.eh_frame)
 .eh_frame      0x08001d94        0x0 /home/daniel/Ac6/SystemWorkbench/plugins/fr.ac6.mcu.externaltools.arm-none.linux64_1.13.1.201703061524/tools/compiler/bin/../lib/gcc/arm-none-eabi/5.4.1/armv7e-m/fpu/crtbegin.o
 *(.init)
 .init          0x08001d94        0x4 /home/daniel/Ac6/SystemWorkbench/plugins/fr.ac6.mcu.externaltools.arm-none.linux64_1.13.1.201703061524/tools/compiler/bin/../lib/gcc/arm-none-eabi/5.4.1/armv7e-m/fpu/crti.o
                0x08001d94                _init
 .init          0x08001d98        0x8 /home/daniel/Ac6/SystemWorkbench/plugins/fr.ac6.mcu.externaltools.arm-none.linux64_1.13.1.201703061524/tools/compiler/bin/../lib/gcc/arm-none-eabi/5.4.1/armv7e-m/fpu/crtn.o
 *(.fini)
 .fini          0x08001da0        0x4 /home/daniel/Ac6/SystemWorkbench/plugins/fr.ac6.mcu.externaltools.arm-none.linux64_1.13.1.201703061524/tools/compiler/bin/../lib/gcc/arm-none-eabi/5.4.1/armv7e-m/fpu/crti.o
                0x08001da0                _fini
 .fini          0x08001da4        0x8 /home/daniel/Ac6/SystemWorkbench/plugins/fr.ac6.mcu.externaltools.arm-none.linux64_1.13.1.201703061524/tools/compiler/bin/../lib/gcc/arm-none-eabi/5.4.1/armv7e-m/fpu/crtn.o
                0x08001dac                . = ALIGN (0x4)
                0x08001dac                _etext = .

.vfp11_veneer   0x08001dac        0x0
 .vfp11_veneer  0x08001dac        0x0 linker stubs

.v4_bx          0x08001dac        0x0
 .v4_bx         0x08001dac        0x0 linker stubs

.iplt           0x08001dac        0x0
 .iplt          0x08001dac        0x0 /home/daniel/Ac6/SystemWorkbench/plugins/fr.ac6.mcu.externaltools.arm-none.linux64_1.13.1.201703061524/tools/compiler/bin/../lib/gcc/arm-none-eabi/5.4.1/armv7e-m/fpu/crtbegin.o

.rodata         0x08001dac       0x3c
                0x08001dac                . = ALIGN (0x4)
 *(.rodata)
 .rodata        0x08001dac        0xe Src/nrf24.o
 *fill*         0x08001dba        0x2 
 .rodata        0x08001dbc        0x4 Src/nrf24_app.o
                0x08001dbf                MAX_PAYLOAD_LEN
 .rodata        0x08001dc0       0x18 Src/system_stm32f4xx.o
                0x08001dc0                AHBPrescTable
                0x08001dd0                APBPrescTable
 *(.rodata*)
 .rodata.str1.4
                0x08001dd8       0x10 Src/main.o
                                  0xe (size before relaxing)
                0x08001de8                . = ALIGN (0x4)

.rel.dyn        0x08001de8        0x0
 .rel.iplt      0x08001de8        0x0 /home/daniel/Ac6/SystemWorkbench/plugins/fr.ac6.mcu.externaltools.arm-none.linux64_1.13.1.201703061524/tools/compiler/bin/../lib/gcc/arm-none-eabi/5.4.1/armv7e-m/fpu/crtbegin.o

.ARM.extab
 *(.ARM.extab* .gnu.linkonce.armextab.*)

.ARM            0x08001de8        0x0
                0x08001de8                __exidx_start = .
 *(.ARM.exidx*)
                0x08001de8                __exidx_end = .

.preinit_array  0x08001de8        0x0
                0x08001de8                PROVIDE (__preinit_array_start, .)
 *(.preinit_array*)
                0x08001de8                PROVIDE (__preinit_array_end, .)

.init_array     0x08001de8        0x4
                0x08001de8                PROVIDE (__init_array_start, .)
 *(SORT(.init_array.*))
 *(.init_array*)
 .init_array    0x08001de8        0x4 /home/daniel/Ac6/SystemWorkbench/plugins/fr.ac6.mcu.externaltools.arm-none.linux64_1.13.1.201703061524/tools/compiler/bin/../lib/gcc/arm-none-eabi/5.4.1/armv7e-m/fpu/crtbegin.o
                0x08001dec                PROVIDE (__init_array_end, .)

.fini_array     0x08001dec        0x4
                [!provide]                PROVIDE (__fini_array_start, .)
 *(SORT(.fini_array.*))
 *(.fini_array*)
 .fini_array    0x08001dec        0x4 /home/daniel/Ac6/SystemWorkbench/plugins/fr.ac6.mcu.externaltools.arm-none.linux64_1.13.1.201703061524/tools/compiler/bin/../lib/gcc/arm-none-eabi/5.4.1/armv7e-m/fpu/crtbegin.o
                [!provide]                PROVIDE (__fini_array_end, .)
                0x08001df0                _sidata = LOADADDR (.data)

.data           0x20000000       0x5c load address 0x08001df0
                0x20000000                . = ALIGN (0x4)
                0x20000000                _sdata = .
 *(.data)
 .data          0x20000000       0x58 Src/nrf24_app.o
 .data          0x20000058        0x4 Src/system_stm32f4xx.o
                0x20000058                SystemCoreClock
 *(.data*)
                0x2000005c                . = ALIGN (0x4)
                0x2000005c                _edata = .

.jcr            0x2000005c        0x0 load address 0x08001e4c
 .jcr           0x2000005c        0x0 /home/daniel/Ac6/SystemWorkbench/plugins/fr.ac6.mcu.externaltools.arm-none.linux64_1.13.1.201703061524/tools/compiler/bin/../lib/gcc/arm-none-eabi/5.4.1/armv7e-m/fpu/crtbegin.o

.igot.plt       0x2000005c        0x0 load address 0x08001e4c
 .igot.plt      0x2000005c        0x0 /home/daniel/Ac6/SystemWorkbench/plugins/fr.ac6.mcu.externaltools.arm-none.linux64_1.13.1.201703061524/tools/compiler/bin/../lib/gcc/arm-none-eabi/5.4.1/armv7e-m/fpu/crtbegin.o
                0x2000005c                . = ALIGN (0x4)

.bss            0x2000005c       0x84 load address 0x08001e4c
                0x2000005c                _sbss = .
                0x2000005c                __bss_start__ = _sbss
 *(.bss)
 .bss           0x2000005c       0x1c /home/daniel/Ac6/SystemWorkbench/plugins/fr.ac6.mcu.externaltools.arm-none.linux64_1.13.1.201703061524/tools/compiler/bin/../lib/gcc/arm-none-eabi/5.4.1/armv7e-m/fpu/crtbegin.o
 .bss           0x20000078        0x4 Src/nrf24_app.o
 *(.bss*)
 *(COMMON)
 COMMON         0x2000007c        0x4 Drivers/STM32F4xx_HAL_Driver/Src/stm32f4xx_hal.o
                0x2000007c                uwTick
 COMMON         0x20000080       0x5e Src/main.o
                0x20000080                scenario
                0x20000081                new_data
                0x20000084                hspi3
                0x200000dc                wait_data
                0x200000dd                role
                0x200000e0                . = ALIGN (0x4)
 *fill*         0x200000de        0x2 
                0x200000e0                _ebss = .
                0x200000e0                __bss_end__ = _ebss

._user_heap_stack
                0x200000e0      0x600 load address 0x08001e4c
                0x200000e0                . = ALIGN (0x8)
                [!provide]                PROVIDE (end, .)
                [!provide]                PROVIDE (_end, .)
                0x200002e0                . = (. + _Min_Heap_Size)
 *fill*         0x200000e0      0x200 
                0x200006e0                . = (. + _Min_Stack_Size)
 *fill*         0x200002e0      0x400 
                0x200006e0                . = ALIGN (0x8)

/DISCARD/
 libc.a(*)
 libm.a(*)
 libgcc.a(*)

.ARM.attributes
                0x00000000       0x30
 *(.ARM.attributes)
 .ARM.attributes
                0x00000000       0x22 /home/daniel/Ac6/SystemWorkbench/plugins/fr.ac6.mcu.externaltools.arm-none.linux64_1.13.1.201703061524/tools/compiler/bin/../lib/gcc/arm-none-eabi/5.4.1/armv7e-m/fpu/crti.o
 .ARM.attributes
                0x00000022       0x34 /home/daniel/Ac6/SystemWorkbench/plugins/fr.ac6.mcu.externaltools.arm-none.linux64_1.13.1.201703061524/tools/compiler/bin/../lib/gcc/arm-none-eabi/5.4.1/armv7e-m/fpu/crtbegin.o
 .ARM.attributes
                0x00000056       0x39 Drivers/STM32F4xx_HAL_Driver/Src/stm32f4xx_hal.o
 .ARM.attributes
                0x0000008f       0x39 Drivers/STM32F4xx_HAL_Driver/Src/stm32f4xx_hal_cortex.o
 .ARM.attributes
                0x000000c8       0x39 Drivers/STM32F4xx_HAL_Driver/Src/stm32f4xx_hal_gpio.o
 .ARM.attributes
                0x00000101       0x39 Drivers/STM32F4xx_HAL_Driver/Src/stm32f4xx_hal_pwr_ex.o
 .ARM.attributes
                0x0000013a       0x39 Drivers/STM32F4xx_HAL_Driver/Src/stm32f4xx_hal_rcc.o
 .ARM.attributes
                0x00000173       0x39 Drivers/STM32F4xx_HAL_Driver/Src/stm32f4xx_hal_rcc_ex.o
 .ARM.attributes
                0x000001ac       0x39 Drivers/STM32F4xx_HAL_Driver/Src/stm32f4xx_hal_spi.o
 .ARM.attributes
                0x000001e5       0x39 Src/main.o
 .ARM.attributes
                0x0000021e       0x39 Src/nrf24.o
 .ARM.attributes
                0x00000257       0x39 Src/nrf24_app.o
 .ARM.attributes
                0x00000290       0x39 Src/nrf24_hal.o
 .ARM.attributes
                0x000002c9       0x39 Src/stm32f4xx_hal_msp.o
 .ARM.attributes
                0x00000302       0x39 Src/stm32f4xx_it.o
 .ARM.attributes
                0x0000033b       0x39 Src/system_stm32f4xx.o
 .ARM.attributes
                0x00000374       0x21 startup/startup_stm32f446xx.o
 .ARM.attributes
                0x00000395       0x34 /home/daniel/Ac6/SystemWorkbench/plugins/fr.ac6.mcu.externaltools.arm-none.linux64_1.13.1.201703061524/tools/compiler/bin/../lib/gcc/arm-none-eabi/5.4.1/../../../../arm-none-eabi/lib/armv7e-m/fpu/libc_nano.a(lib_a-init.o)
 .ARM.attributes
                0x000003c9       0x22 /home/daniel/Ac6/SystemWorkbench/plugins/fr.ac6.mcu.externaltools.arm-none.linux64_1.13.1.201703061524/tools/compiler/bin/../lib/gcc/arm-none-eabi/5.4.1/armv7e-m/fpu/crtn.o
OUTPUT(ECC_NRF24_RX.elf elf32-littlearm)

.debug_info     0x00000000     0xb831
 .debug_info    0x00000000      0x97a Drivers/STM32F4xx_HAL_Driver/Src/stm32f4xx_hal.o
 .debug_info    0x0000097a      0xf2b Drivers/STM32F4xx_HAL_Driver/Src/stm32f4xx_hal_cortex.o
 .debug_info    0x000018a5      0x778 Drivers/STM32F4xx_HAL_Driver/Src/stm32f4xx_hal_gpio.o
 .debug_info    0x0000201d      0x954 Drivers/STM32F4xx_HAL_Driver/Src/stm32f4xx_hal_pwr_ex.o
 .debug_info    0x00002971      0xd25 Drivers/STM32F4xx_HAL_Driver/Src/stm32f4xx_hal_rcc.o
 .debug_info    0x00003696     0x13e4 Drivers/STM32F4xx_HAL_Driver/Src/stm32f4xx_hal_rcc_ex.o
 .debug_info    0x00004a7a     0x19ea Drivers/STM32F4xx_HAL_Driver/Src/stm32f4xx_hal_spi.o
 .debug_info    0x00006464     0x14cb Src/main.o
 .debug_info    0x0000792f     0x12bb Src/nrf24.o
 .debug_info    0x00008bea      0xddd Src/nrf24_app.o
 .debug_info    0x000099c7      0xad3 Src/nrf24_hal.o
 .debug_info    0x0000a49a      0xc81 Src/stm32f4xx_hal_msp.o
 .debug_info    0x0000b11b      0x173 Src/stm32f4xx_it.o
 .debug_info    0x0000b28e      0x534 Src/system_stm32f4xx.o
 .debug_info    0x0000b7c2       0x6f startup/startup_stm32f446xx.o

.debug_abbrev   0x00000000     0x1d58
 .debug_abbrev  0x00000000      0x25c Drivers/STM32F4xx_HAL_Driver/Src/stm32f4xx_hal.o
 .debug_abbrev  0x0000025c      0x2fe Drivers/STM32F4xx_HAL_Driver/Src/stm32f4xx_hal_cortex.o
 .debug_abbrev  0x0000055a      0x1cd Drivers/STM32F4xx_HAL_Driver/Src/stm32f4xx_hal_gpio.o
 .debug_abbrev  0x00000727      0x237 Drivers/STM32F4xx_HAL_Driver/Src/stm32f4xx_hal_pwr_ex.o
 .debug_abbrev  0x0000095e      0x2b0 Drivers/STM32F4xx_HAL_Driver/Src/stm32f4xx_hal_rcc.o
 .debug_abbrev  0x00000c0e      0x262 Drivers/STM32F4xx_HAL_Driver/Src/stm32f4xx_hal_rcc_ex.o
 .debug_abbrev  0x00000e70      0x23d Drivers/STM32F4xx_HAL_Driver/Src/stm32f4xx_hal_spi.o
 .debug_abbrev  0x000010ad      0x2b0 Src/main.o
 .debug_abbrev  0x0000135d      0x23a Src/nrf24.o
 .debug_abbrev  0x00001597      0x25c Src/nrf24_app.o
 .debug_abbrev  0x000017f3      0x1e3 Src/nrf24_hal.o
 .debug_abbrev  0x000019d6      0x1a0 Src/stm32f4xx_hal_msp.o
 .debug_abbrev  0x00001b76       0xcc Src/stm32f4xx_it.o
 .debug_abbrev  0x00001c42      0x104 Src/system_stm32f4xx.o
 .debug_abbrev  0x00001d46       0x12 startup/startup_stm32f446xx.o

.debug_loc      0x00000000     0x4b5d
 .debug_loc     0x00000000       0x91 Drivers/STM32F4xx_HAL_Driver/Src/stm32f4xx_hal.o
 .debug_loc     0x00000091      0x548 Drivers/STM32F4xx_HAL_Driver/Src/stm32f4xx_hal_cortex.o
 .debug_loc     0x000005d9      0x38f Drivers/STM32F4xx_HAL_Driver/Src/stm32f4xx_hal_gpio.o
 .debug_loc     0x00000968      0x297 Drivers/STM32F4xx_HAL_Driver/Src/stm32f4xx_hal_pwr_ex.o
 .debug_loc     0x00000bff      0x622 Drivers/STM32F4xx_HAL_Driver/Src/stm32f4xx_hal_rcc.o
 .debug_loc     0x00001221      0xef0 Drivers/STM32F4xx_HAL_Driver/Src/stm32f4xx_hal_rcc_ex.o
 .debug_loc     0x00002111     0x17a8 Drivers/STM32F4xx_HAL_Driver/Src/stm32f4xx_hal_spi.o
 .debug_loc     0x000038b9      0x408 Src/main.o
 .debug_loc     0x00003cc1      0x974 Src/nrf24.o
 .debug_loc     0x00004635      0x338 Src/nrf24_app.o
 .debug_loc     0x0000496d       0x71 Src/nrf24_hal.o
 .debug_loc     0x000049de       0x4d Src/stm32f4xx_hal_msp.o
 .debug_loc     0x00004a2b      0x132 Src/system_stm32f4xx.o

.debug_aranges  0x00000000      0x818
 .debug_aranges
                0x00000000       0xc8 Drivers/STM32F4xx_HAL_Driver/Src/stm32f4xx_hal.o
 .debug_aranges
                0x000000c8       0xa8 Drivers/STM32F4xx_HAL_Driver/Src/stm32f4xx_hal_cortex.o
 .debug_aranges
                0x00000170       0x58 Drivers/STM32F4xx_HAL_Driver/Src/stm32f4xx_hal_gpio.o
 .debug_aranges
                0x000001c8       0x60 Drivers/STM32F4xx_HAL_Driver/Src/stm32f4xx_hal_pwr_ex.o
 .debug_aranges
                0x00000228       0x88 Drivers/STM32F4xx_HAL_Driver/Src/stm32f4xx_hal_rcc.o
 .debug_aranges
                0x000002b0       0x58 Drivers/STM32F4xx_HAL_Driver/Src/stm32f4xx_hal_rcc_ex.o
 .debug_aranges
                0x00000308      0x1c8 Drivers/STM32F4xx_HAL_Driver/Src/stm32f4xx_hal_spi.o
 .debug_aranges
                0x000004d0       0x58 Src/main.o
 .debug_aranges
                0x00000528      0x140 Src/nrf24.o
 .debug_aranges
                0x00000668       0x98 Src/nrf24_app.o
 .debug_aranges
                0x00000700       0x38 Src/nrf24_hal.o
 .debug_aranges
                0x00000738       0x30 Src/stm32f4xx_hal_msp.o
 .debug_aranges
                0x00000768       0x60 Src/stm32f4xx_it.o
 .debug_aranges
                0x000007c8       0x28 Src/system_stm32f4xx.o
 .debug_aranges
                0x000007f0       0x28 startup/startup_stm32f446xx.o

.debug_ranges   0x00000000      0x760
 .debug_ranges  0x00000000       0xb8 Drivers/STM32F4xx_HAL_Driver/Src/stm32f4xx_hal.o
 .debug_ranges  0x000000b8       0x98 Drivers/STM32F4xx_HAL_Driver/Src/stm32f4xx_hal_cortex.o
 .debug_ranges  0x00000150       0x48 Drivers/STM32F4xx_HAL_Driver/Src/stm32f4xx_hal_gpio.o
 .debug_ranges  0x00000198       0x50 Drivers/STM32F4xx_HAL_Driver/Src/stm32f4xx_hal_pwr_ex.o
 .debug_ranges  0x000001e8       0x78 Drivers/STM32F4xx_HAL_Driver/Src/stm32f4xx_hal_rcc.o
 .debug_ranges  0x00000260       0x48 Drivers/STM32F4xx_HAL_Driver/Src/stm32f4xx_hal_rcc_ex.o
 .debug_ranges  0x000002a8      0x1b8 Drivers/STM32F4xx_HAL_Driver/Src/stm32f4xx_hal_spi.o
 .debug_ranges  0x00000460       0x78 Src/main.o
 .debug_ranges  0x000004d8      0x130 Src/nrf24.o
 .debug_ranges  0x00000608       0x88 Src/nrf24_app.o
 .debug_ranges  0x00000690       0x28 Src/nrf24_hal.o
 .debug_ranges  0x000006b8       0x20 Src/stm32f4xx_hal_msp.o
 .debug_ranges  0x000006d8       0x50 Src/stm32f4xx_it.o
 .debug_ranges  0x00000728       0x18 Src/system_stm32f4xx.o
 .debug_ranges  0x00000740       0x20 startup/startup_stm32f446xx.o

.debug_macro    0x00000000    0x21f2e
 .debug_macro   0x00000000      0x355 Drivers/STM32F4xx_HAL_Driver/Src/stm32f4xx_hal.o
 .debug_macro   0x00000355      0x898 Drivers/STM32F4xx_HAL_Driver/Src/stm32f4xx_hal.o
 .debug_macro   0x00000bed       0x34 Drivers/STM32F4xx_HAL_Driver/Src/stm32f4xx_hal.o
 .debug_macro   0x00000c21      0x17a Drivers/STM32F4xx_HAL_Driver/Src/stm32f4xx_hal.o
 .debug_macro   0x00000d9b       0x33 Drivers/STM32F4xx_HAL_Driver/Src/stm32f4xx_hal.o
 .debug_macro   0x00000dce       0x28 Drivers/STM32F4xx_HAL_Driver/Src/stm32f4xx_hal.o
 .debug_macro   0x00000df6       0x22 Drivers/STM32F4xx_HAL_Driver/Src/stm32f4xx_hal.o
 .debug_macro   0x00000e18       0x87 Drivers/STM32F4xx_HAL_Driver/Src/stm32f4xx_hal.o
 .debug_macro   0x00000e9f       0x44 Drivers/STM32F4xx_HAL_Driver/Src/stm32f4xx_hal.o
 .debug_macro   0x00000ee3       0xfd Drivers/STM32F4xx_HAL_Driver/Src/stm32f4xx_hal.o
 .debug_macro   0x00000fe0       0x5e Drivers/STM32F4xx_HAL_Driver/Src/stm32f4xx_hal.o
 .debug_macro   0x0000103e      0x1df Drivers/STM32F4xx_HAL_Driver/Src/stm32f4xx_hal.o
 .debug_macro   0x0000121d       0x35 Drivers/STM32F4xx_HAL_Driver/Src/stm32f4xx_hal.o
 .debug_macro   0x00001252       0x50 Drivers/STM32F4xx_HAL_Driver/Src/stm32f4xx_hal.o
 .debug_macro   0x000012a2      0xe66 Drivers/STM32F4xx_HAL_Driver/Src/stm32f4xx_hal.o
 .debug_macro   0x00002108    0x16703 Drivers/STM32F4xx_HAL_Driver/Src/stm32f4xx_hal.o
 .debug_macro   0x0001880b       0x43 Drivers/STM32F4xx_HAL_Driver/Src/stm32f4xx_hal.o
 .debug_macro   0x0001884e     0x3574 Drivers/STM32F4xx_HAL_Driver/Src/stm32f4xx_hal.o
 .debug_macro   0x0001bdc2       0x52 Drivers/STM32F4xx_HAL_Driver/Src/stm32f4xx_hal.o
 .debug_macro   0x0001be14       0x35 Drivers/STM32F4xx_HAL_Driver/Src/stm32f4xx_hal.o
 .debug_macro   0x0001be49       0x9c Drivers/STM32F4xx_HAL_Driver/Src/stm32f4xx_hal.o
 .debug_macro   0x0001bee5       0x16 Drivers/STM32F4xx_HAL_Driver/Src/stm32f4xx_hal.o
 .debug_macro   0x0001befb       0x97 Drivers/STM32F4xx_HAL_Driver/Src/stm32f4xx_hal.o
 .debug_macro   0x0001bf92      0x30d Drivers/STM32F4xx_HAL_Driver/Src/stm32f4xx_hal.o
 .debug_macro   0x0001c29f       0xfd Drivers/STM32F4xx_HAL_Driver/Src/stm32f4xx_hal.o
 .debug_macro   0x0001c39c       0x10 Drivers/STM32F4xx_HAL_Driver/Src/stm32f4xx_hal.o
 .debug_macro   0x0001c3ac       0x52 Drivers/STM32F4xx_HAL_Driver/Src/stm32f4xx_hal.o
 .debug_macro   0x0001c3fe       0x1f Drivers/STM32F4xx_HAL_Driver/Src/stm32f4xx_hal.o
 .debug_macro   0x0001c41d       0x43 Drivers/STM32F4xx_HAL_Driver/Src/stm32f4xx_hal.o
 .debug_macro   0x0001c460       0x20 Drivers/STM32F4xx_HAL_Driver/Src/stm32f4xx_hal.o
 .debug_macro   0x0001c480      0x187 Drivers/STM32F4xx_HAL_Driver/Src/stm32f4xx_hal.o
 .debug_macro   0x0001c607       0x10 Drivers/STM32F4xx_HAL_Driver/Src/stm32f4xx_hal.o
 .debug_macro   0x0001c617       0x1c Drivers/STM32F4xx_HAL_Driver/Src/stm32f4xx_hal.o
 .debug_macro   0x0001c633       0x52 Drivers/STM32F4xx_HAL_Driver/Src/stm32f4xx_hal.o
 .debug_macro   0x0001c685       0x40 Drivers/STM32F4xx_HAL_Driver/Src/stm32f4xx_hal.o
 .debug_macro   0x0001c6c5       0x10 Drivers/STM32F4xx_HAL_Driver/Src/stm32f4xx_hal.o
 .debug_macro   0x0001c6d5       0x40 Drivers/STM32F4xx_HAL_Driver/Src/stm32f4xx_hal.o
 .debug_macro   0x0001c715       0xd7 Drivers/STM32F4xx_HAL_Driver/Src/stm32f4xx_hal.o
 .debug_macro   0x0001c7ec       0x16 Drivers/STM32F4xx_HAL_Driver/Src/stm32f4xx_hal.o
 .debug_macro   0x0001c802      0x18b Drivers/STM32F4xx_HAL_Driver/Src/stm32f4xx_hal.o
 .debug_macro   0x0001c98d       0x50 Drivers/STM32F4xx_HAL_Driver/Src/stm32f4xx_hal.o
 .debug_macro   0x0001c9dd      0xc90 Drivers/STM32F4xx_HAL_Driver/Src/stm32f4xx_hal.o
 .debug_macro   0x0001d66d      0x9e1 Drivers/STM32F4xx_HAL_Driver/Src/stm32f4xx_hal.o
 .debug_macro   0x0001e04e      0x11e Drivers/STM32F4xx_HAL_Driver/Src/stm32f4xx_hal.o
 .debug_macro   0x0001e16c      0x1a0 Drivers/STM32F4xx_HAL_Driver/Src/stm32f4xx_hal.o
 .debug_macro   0x0001e30c       0x27 Drivers/STM32F4xx_HAL_Driver/Src/stm32f4xx_hal.o
 .debug_macro   0x0001e333      0x287 Drivers/STM32F4xx_HAL_Driver/Src/stm32f4xx_hal.o
 .debug_macro   0x0001e5ba       0x5f Drivers/STM32F4xx_HAL_Driver/Src/stm32f4xx_hal.o
 .debug_macro   0x0001e619      0x23a Drivers/STM32F4xx_HAL_Driver/Src/stm32f4xx_hal.o
 .debug_macro   0x0001e853      0x13a Drivers/STM32F4xx_HAL_Driver/Src/stm32f4xx_hal.o
 .debug_macro   0x0001e98d      0x29c Drivers/STM32F4xx_HAL_Driver/Src/stm32f4xx_hal.o
 .debug_macro   0x0001ec29       0x2e Drivers/STM32F4xx_HAL_Driver/Src/stm32f4xx_hal.o
 .debug_macro   0x0001ec57      0x11e Drivers/STM32F4xx_HAL_Driver/Src/stm32f4xx_hal.o
 .debug_macro   0x0001ed75       0xe8 Drivers/STM32F4xx_HAL_Driver/Src/stm32f4xx_hal.o
 .debug_macro   0x0001ee5d       0x89 Drivers/STM32F4xx_HAL_Driver/Src/stm32f4xx_hal.o
 .debug_macro   0x0001eee6      0x202 Drivers/STM32F4xx_HAL_Driver/Src/stm32f4xx_hal.o
 .debug_macro   0x0001f0e8      0x11e Drivers/STM32F4xx_HAL_Driver/Src/stm32f4xx_hal.o
 .debug_macro   0x0001f206      0x2f5 Drivers/STM32F4xx_HAL_Driver/Src/stm32f4xx_hal_cortex.o
 .debug_macro   0x0001f4fb      0x32d Drivers/STM32F4xx_HAL_Driver/Src/stm32f4xx_hal_gpio.o
 .debug_macro   0x0001f828      0x30d Drivers/STM32F4xx_HAL_Driver/Src/stm32f4xx_hal_pwr_ex.o
 .debug_macro   0x0001fb35      0x31f Drivers/STM32F4xx_HAL_Driver/Src/stm32f4xx_hal_rcc.o
 .debug_macro   0x0001fe54      0x2f5 Drivers/STM32F4xx_HAL_Driver/Src/stm32f4xx_hal_rcc_ex.o
 .debug_macro   0x00020149      0x2fd Drivers/STM32F4xx_HAL_Driver/Src/stm32f4xx_hal_spi.o
 .debug_macro   0x00020446      0x334 Src/main.o
 .debug_macro   0x0002077a       0x22 Src/main.o
 .debug_macro   0x0002079c       0x4c Src/main.o
 .debug_macro   0x000207e8      0x18c Src/main.o
 .debug_macro   0x00020974      0x320 Src/nrf24.o
 .debug_macro   0x00020c94      0x180 Src/nrf24.o
 .debug_macro   0x00020e14      0x351 Src/nrf24_app.o
 .debug_macro   0x00021165       0x4c Src/nrf24_app.o
 .debug_macro   0x000211b1       0x8d Src/nrf24_app.o
 .debug_macro   0x0002123e       0x4a Src/nrf24_app.o
 .debug_macro   0x00021288       0x16 Src/nrf24_app.o
 .debug_macro   0x0002129e       0x35 Src/nrf24_app.o
 .debug_macro   0x000212d3       0x52 Src/nrf24_app.o
 .debug_macro   0x00021325      0x31a Src/nrf24_hal.o
 .debug_macro   0x0002163f      0x2f5 Src/stm32f4xx_hal_msp.o
 .debug_macro   0x00021934      0x2ff Src/stm32f4xx_it.o
 .debug_macro   0x00021c33      0x2fb Src/system_stm32f4xx.o

.debug_line     0x00000000     0x89d1
 .debug_line    0x00000000      0x92e Drivers/STM32F4xx_HAL_Driver/Src/stm32f4xx_hal.o
 .debug_line    0x0000092e      0x98b Drivers/STM32F4xx_HAL_Driver/Src/stm32f4xx_hal_cortex.o
 .debug_line    0x000012b9      0x8f9 Drivers/STM32F4xx_HAL_Driver/Src/stm32f4xx_hal_gpio.o
 .debug_line    0x00001bb2      0x8e8 Drivers/STM32F4xx_HAL_Driver/Src/stm32f4xx_hal_pwr_ex.o
 .debug_line    0x0000249a      0xaab Drivers/STM32F4xx_HAL_Driver/Src/stm32f4xx_hal_rcc.o
 .debug_line    0x00002f45      0xd3f Drivers/STM32F4xx_HAL_Driver/Src/stm32f4xx_hal_rcc_ex.o
 .debug_line    0x00003c84     0x10f9 Drivers/STM32F4xx_HAL_Driver/Src/stm32f4xx_hal_spi.o
 .debug_line    0x00004d7d      0x8ea Src/main.o
 .debug_line    0x00005667      0xab4 Src/nrf24.o
 .debug_line    0x0000611b      0x900 Src/nrf24_app.o
 .debug_line    0x00006a1b      0x7d1 Src/nrf24_hal.o
 .debug_line    0x000071ec      0x7b3 Src/stm32f4xx_hal_msp.o
 .debug_line    0x0000799f      0x80c Src/stm32f4xx_it.o
 .debug_line    0x000081ab      0x7a7 Src/system_stm32f4xx.o
 .debug_line    0x00008952       0x7f startup/startup_stm32f446xx.o

.debug_str      0x00000000    0xc2262
 .debug_str     0x00000000    0xbf3bb Drivers/STM32F4xx_HAL_Driver/Src/stm32f4xx_hal.o
                              0xbf764 (size before relaxing)
 .debug_str     0x000bf3bb      0x3b8 Drivers/STM32F4xx_HAL_Driver/Src/stm32f4xx_hal_cortex.o
                              0xbf507 (size before relaxing)
 .debug_str     0x000bf773      0x292 Drivers/STM32F4xx_HAL_Driver/Src/stm32f4xx_hal_gpio.o
                              0xbee7e (size before relaxing)
 .debug_str     0x000bfa05      0x14d Drivers/STM32F4xx_HAL_Driver/Src/stm32f4xx_hal_pwr_ex.o
                              0xbee4e (size before relaxing)
 .debug_str     0x000bfb52      0x395 Drivers/STM32F4xx_HAL_Driver/Src/stm32f4xx_hal_rcc.o
                              0xbf080 (size before relaxing)
 .debug_str     0x000bfee7      0x2b6 Drivers/STM32F4xx_HAL_Driver/Src/stm32f4xx_hal_rcc_ex.o
                              0xbf012 (size before relaxing)
 .debug_str     0x000c019d      0x917 Drivers/STM32F4xx_HAL_Driver/Src/stm32f4xx_hal_spi.o
                              0xbf44f (size before relaxing)
 .debug_str     0x000c0ab4      0xd83 Src/main.o
                              0xc054d (size before relaxing)
 .debug_str     0x000c1837      0x47b Src/nrf24.o
                              0xbfb40 (size before relaxing)
 .debug_str     0x000c1cb2      0x457 Src/nrf24_app.o
                              0xbfe39 (size before relaxing)
 .debug_str     0x000c2109       0x2c Src/nrf24_hal.o
                              0xc003a (size before relaxing)
 .debug_str     0x000c2135       0x1b Src/stm32f4xx_hal_msp.o
                              0xbf5df (size before relaxing)
 .debug_str     0x000c2150       0xb8 Src/stm32f4xx_it.o
                              0xbeb0f (size before relaxing)
 .debug_str     0x000c2208       0x5a Src/system_stm32f4xx.o
                              0xbec66 (size before relaxing)

.comment        0x00000000       0x6e
 .comment       0x00000000       0x6e Drivers/STM32F4xx_HAL_Driver/Src/stm32f4xx_hal.o
                                 0x6f (size before relaxing)
 .comment       0x0000006e       0x6f Drivers/STM32F4xx_HAL_Driver/Src/stm32f4xx_hal_cortex.o
 .comment       0x0000006e       0x6f Drivers/STM32F4xx_HAL_Driver/Src/stm32f4xx_hal_gpio.o
 .comment       0x0000006e       0x6f Drivers/STM32F4xx_HAL_Driver/Src/stm32f4xx_hal_pwr_ex.o
 .comment       0x0000006e       0x6f Drivers/STM32F4xx_HAL_Driver/Src/stm32f4xx_hal_rcc.o
 .comment       0x0000006e       0x6f Drivers/STM32F4xx_HAL_Driver/Src/stm32f4xx_hal_rcc_ex.o
 .comment       0x0000006e       0x6f Drivers/STM32F4xx_HAL_Driver/Src/stm32f4xx_hal_spi.o
 .comment       0x0000006e       0x6f Src/main.o
 .comment       0x0000006e       0x6f Src/nrf24.o
 .comment       0x0000006e       0x6f Src/nrf24_app.o
 .comment       0x0000006e       0x6f Src/nrf24_hal.o
 .comment       0x0000006e       0x6f Src/stm32f4xx_hal_msp.o
 .comment       0x0000006e       0x6f Src/stm32f4xx_it.o
 .comment       0x0000006e       0x6f Src/system_stm32f4xx.o

.debug_frame    0x00000000     0x1428
 .debug_frame   0x00000000      0x198 Drivers/STM32F4xx_HAL_Driver/Src/stm32f4xx_hal.o
 .debug_frame   0x00000198      0x154 Drivers/STM32F4xx_HAL_Driver/Src/stm32f4xx_hal_cortex.o
 .debug_frame   0x000002ec       0xc4 Drivers/STM32F4xx_HAL_Driver/Src/stm32f4xx_hal_gpio.o
 .debug_frame   0x000003b0       0xe8 Drivers/STM32F4xx_HAL_Driver/Src/stm32f4xx_hal_pwr_ex.o
 .debug_frame   0x00000498      0x150 Drivers/STM32F4xx_HAL_Driver/Src/stm32f4xx_hal_rcc.o
 .debug_frame   0x000005e8       0xdc Drivers/STM32F4xx_HAL_Driver/Src/stm32f4xx_hal_rcc_ex.o
 .debug_frame   0x000006c4      0x548 Drivers/STM32F4xx_HAL_Driver/Src/stm32f4xx_hal_spi.o
 .debug_frame   0x00000c0c       0xe0 Src/main.o
 .debug_frame   0x00000cec      0x3bc Src/nrf24.o
 .debug_frame   0x000010a8      0x1a8 Src/nrf24_app.o
 .debug_frame   0x00001250       0x74 Src/nrf24_hal.o
 .debug_frame   0x000012c4       0x60 Src/stm32f4xx_hal_msp.o
 .debug_frame   0x00001324       0xa8 Src/stm32f4xx_it.o
 .debug_frame   0x000013cc       0x30 Src/system_stm32f4xx.o
 .debug_frame   0x000013fc       0x2c /home/daniel/Ac6/SystemWorkbench/plugins/fr.ac6.mcu.externaltools.arm-none.linux64_1.13.1.201703061524/tools/compiler/bin/../lib/gcc/arm-none-eabi/5.4.1/../../../../arm-none-eabi/lib/armv7e-m/fpu/libc_nano.a(lib_a-init.o)
